Archive member included because of file (symbol)

c:/program files (x86)/atmel/atmel studio 6.0/extensions/atmel/avrgcc/3.4.0.65/avrtoolchain/bin/../lib/gcc/avr/4.6.2/avrxmega4\libgcc.a(_udivmodhi4.o)
                              src/mppt.o (__udivmodhi4)
c:/program files (x86)/atmel/atmel studio 6.0/extensions/atmel/avrgcc/3.4.0.65/avrtoolchain/bin/../lib/gcc/avr/4.6.2/avrxmega4\libgcc.a(_divmodhi4.o)
                              src/asf/xmega/boards/bluesat_bcr/bcr_adc.o (__divmodhi4)
c:/program files (x86)/atmel/atmel studio 6.0/extensions/atmel/avrgcc/3.4.0.65/avrtoolchain/bin/../lib/gcc/avr/4.6.2/avrxmega4\libgcc.a(_udivmodsi4.o)
                              src/asf/xmega/drivers/spi/spi.o (__udivmodsi4)
c:/program files (x86)/atmel/atmel studio 6.0/extensions/atmel/avrgcc/3.4.0.65/avrtoolchain/bin/../lib/gcc/avr/4.6.2/avrxmega4\libgcc.a(_exit.o)
                              c:/program files (x86)/atmel/atmel studio 6.0/extensions/atmel/avrgcc/3.4.0.65/avrtoolchain/bin/../lib/gcc/avr/4.6.2/../../../../avr/lib/avrxmega4/crtx64a3.o (exit)
c:/program files (x86)/atmel/atmel studio 6.0/extensions/atmel/avrgcc/3.4.0.65/avrtoolchain/bin/../lib/gcc/avr/4.6.2/avrxmega4\libgcc.a(_copy_data.o)
                              src/asf/common/services/clock/xmega/sysclk.o (__do_copy_data)
c:/program files (x86)/atmel/atmel studio 6.0/extensions/atmel/avrgcc/3.4.0.65/avrtoolchain/bin/../lib/gcc/avr/4.6.2/avrxmega4\libgcc.a(_clear_bss.o)
                              src/asf/common/services/clock/xmega/sysclk.o (__do_clear_bss)
c:/program files (x86)/atmel/atmel studio 6.0/extensions/atmel/avrgcc/3.4.0.65/avrtoolchain/bin/../lib/gcc/avr/4.6.2/../../../../avr/lib/avrxmega4\libc.a(memcpy.o)
                              src/asf/xmega/drivers/nvm/nvm.o (memcpy)
c:/program files (x86)/atmel/atmel studio 6.0/extensions/atmel/avrgcc/3.4.0.65/avrtoolchain/bin/../lib/gcc/avr/4.6.2/../../../../avr/lib/avrxmega4\libc.a(sprintf.o)
                              src/main.o (sprintf)
c:/program files (x86)/atmel/atmel studio 6.0/extensions/atmel/avrgcc/3.4.0.65/avrtoolchain/bin/../lib/gcc/avr/4.6.2/../../../../avr/lib/avrxmega4\libc.a(vfprintf_std.o)
                              c:/program files (x86)/atmel/atmel studio 6.0/extensions/atmel/avrgcc/3.4.0.65/avrtoolchain/bin/../lib/gcc/avr/4.6.2/../../../../avr/lib/avrxmega4\libc.a(sprintf.o) (vfprintf)
c:/program files (x86)/atmel/atmel studio 6.0/extensions/atmel/avrgcc/3.4.0.65/avrtoolchain/bin/../lib/gcc/avr/4.6.2/../../../../avr/lib/avrxmega4\libc.a(strnlen_P.o)
                              c:/program files (x86)/atmel/atmel studio 6.0/extensions/atmel/avrgcc/3.4.0.65/avrtoolchain/bin/../lib/gcc/avr/4.6.2/../../../../avr/lib/avrxmega4\libc.a(vfprintf_std.o) (strnlen_P)
c:/program files (x86)/atmel/atmel studio 6.0/extensions/atmel/avrgcc/3.4.0.65/avrtoolchain/bin/../lib/gcc/avr/4.6.2/../../../../avr/lib/avrxmega4\libc.a(strnlen.o)
                              c:/program files (x86)/atmel/atmel studio 6.0/extensions/atmel/avrgcc/3.4.0.65/avrtoolchain/bin/../lib/gcc/avr/4.6.2/../../../../avr/lib/avrxmega4\libc.a(vfprintf_std.o) (strnlen)
c:/program files (x86)/atmel/atmel studio 6.0/extensions/atmel/avrgcc/3.4.0.65/avrtoolchain/bin/../lib/gcc/avr/4.6.2/../../../../avr/lib/avrxmega4\libc.a(fputc.o)
                              c:/program files (x86)/atmel/atmel studio 6.0/extensions/atmel/avrgcc/3.4.0.65/avrtoolchain/bin/../lib/gcc/avr/4.6.2/../../../../avr/lib/avrxmega4\libc.a(vfprintf_std.o) (fputc)
c:/program files (x86)/atmel/atmel studio 6.0/extensions/atmel/avrgcc/3.4.0.65/avrtoolchain/bin/../lib/gcc/avr/4.6.2/../../../../avr/lib/avrxmega4\libc.a(ultoa_invert.o)
                              c:/program files (x86)/atmel/atmel studio 6.0/extensions/atmel/avrgcc/3.4.0.65/avrtoolchain/bin/../lib/gcc/avr/4.6.2/../../../../avr/lib/avrxmega4\libc.a(vfprintf_std.o) (__ultoa_invert)

Allocating common symbols
Common symbol       size              file

adcb_callback       0x2               src/asf/xmega/drivers/adc/adc.o
bcr_dac             0x10              src/asf/common/services/clock/xmega/sysclk.o
bcr_adc             0x20              src/asf/common/services/clock/xmega/sysclk.o
sleepmgr_locks      0x6               src/asf/common/services/sleepmgr/xmega/sleepmgr.o
adca_callback       0x2               src/asf/xmega/drivers/adc/adc.o

Discarded input sections

 .data          0x00000000        0x0 c:/program files (x86)/atmel/atmel studio 6.0/extensions/atmel/avrgcc/3.4.0.65/avrtoolchain/bin/../lib/gcc/avr/4.6.2/../../../../avr/lib/avrxmega4/crtx64a3.o
 .bss           0x00000000        0x0 c:/program files (x86)/atmel/atmel studio 6.0/extensions/atmel/avrgcc/3.4.0.65/avrtoolchain/bin/../lib/gcc/avr/4.6.2/../../../../avr/lib/avrxmega4/crtx64a3.o
 .text          0x00000000        0x0 src/asf/common/services/clock/xmega/sysclk.o
 .data          0x00000000        0x0 src/asf/common/services/clock/xmega/sysclk.o
 .bss           0x00000000        0x0 src/asf/common/services/clock/xmega/sysclk.o
 .text          0x00000000        0x0 src/asf/common/services/ioport/xmega/ioport_compat.o
 .data          0x00000000        0x0 src/asf/common/services/ioport/xmega/ioport_compat.o
 .bss           0x00000000        0x0 src/asf/common/services/ioport/xmega/ioport_compat.o
 .text          0x00000000        0x0 src/asf/common/services/serial/usart_serial.o
 .data          0x00000000        0x0 src/asf/common/services/serial/usart_serial.o
 .bss           0x00000000        0x0 src/asf/common/services/serial/usart_serial.o
 .text.usart_serial_write_packet
                0x00000000       0x38 src/asf/common/services/serial/usart_serial.o
 .text.usart_serial_read_packet
                0x00000000       0x38 src/asf/common/services/serial/usart_serial.o
 .debug_info    0x00000000      0x4ac src/asf/common/services/serial/usart_serial.o
 .debug_abbrev  0x00000000      0x17f src/asf/common/services/serial/usart_serial.o
 .debug_loc     0x00000000      0x275 src/asf/common/services/serial/usart_serial.o
 .debug_aranges
                0x00000000       0x28 src/asf/common/services/serial/usart_serial.o
 .debug_ranges  0x00000000       0x18 src/asf/common/services/serial/usart_serial.o
 .debug_line    0x00000000      0x601 src/asf/common/services/serial/usart_serial.o
 .debug_macinfo
                0x00000000    0x21c65 src/asf/common/services/serial/usart_serial.o
 .debug_str     0x00000000      0x3df src/asf/common/services/serial/usart_serial.o
 .debug_frame   0x00000000       0x74 src/asf/common/services/serial/usart_serial.o
 .text          0x00000000        0x0 src/asf/common/services/sleepmgr/xmega/sleepmgr.o
 .data          0x00000000        0x0 src/asf/common/services/sleepmgr/xmega/sleepmgr.o
 .bss           0x00000000        0x0 src/asf/common/services/sleepmgr/xmega/sleepmgr.o
 .data.sleepmgr_configs
                0x00000000        0xc src/asf/common/services/sleepmgr/xmega/sleepmgr.o
 .text          0x00000000        0x0 src/asf/common/services/spi/xmega_spi/spi_master.o
 .data          0x00000000        0x0 src/asf/common/services/spi/xmega_spi/spi_master.o
 .bss           0x00000000        0x0 src/asf/common/services/spi/xmega_spi/spi_master.o
 .text.spi_read_packet
                0x00000000       0x24 src/asf/common/services/spi/xmega_spi/spi_master.o
 .text          0x00000000        0x0 src/asf/xmega/boards/bluesat_bcr/bcr.o
 .data          0x00000000        0x0 src/asf/xmega/boards/bluesat_bcr/bcr.o
 .bss           0x00000000        0x0 src/asf/xmega/boards/bluesat_bcr/bcr.o
 .text          0x00000000        0x0 src/asf/xmega/boards/bluesat_bcr/bcr_adc.o
 .data          0x00000000        0x0 src/asf/xmega/boards/bluesat_bcr/bcr_adc.o
 .bss           0x00000000        0x0 src/asf/xmega/boards/bluesat_bcr/bcr_adc.o
 .text          0x00000000        0x0 src/asf/xmega/boards/bluesat_bcr/bcr_dac.o
 .data          0x00000000        0x0 src/asf/xmega/boards/bluesat_bcr/bcr_dac.o
 .bss           0x00000000        0x0 src/asf/xmega/boards/bluesat_bcr/bcr_dac.o
 .text          0x00000000        0x0 src/asf/xmega/drivers/adc/adc.o
 .data          0x00000000        0x0 src/asf/xmega/drivers/adc/adc.o
 .bss           0x00000000        0x0 src/asf/xmega/drivers/adc/adc.o
 .text.adc_disable
                0x00000000       0x28 src/asf/xmega/drivers/adc/adc.o
 .text.adc_is_enabled
                0x00000000       0x30 src/asf/xmega/drivers/adc/adc.o
 .text          0x00000000        0x0 src/asf/xmega/drivers/adc/xmega_aau/adc_aau.o
 .data          0x00000000        0x0 src/asf/xmega/drivers/adc/xmega_aau/adc_aau.o
 .bss           0x00000000        0x0 src/asf/xmega/drivers/adc/xmega_aau/adc_aau.o
 .text          0x00000000        0x0 src/asf/xmega/drivers/cpu/ccp.o
 .data          0x00000000        0x0 src/asf/xmega/drivers/cpu/ccp.o
 .bss           0x00000000        0x0 src/asf/xmega/drivers/cpu/ccp.o
 .text          0x00000000        0x0 src/asf/xmega/drivers/nvm/nvm.o
 .data          0x00000000        0x0 src/asf/xmega/drivers/nvm/nvm.o
 .bss           0x00000000        0x0 src/asf/xmega/drivers/nvm/nvm.o
 .text.nvm_read_device_serial
                0x00000000       0x90 src/asf/xmega/drivers/nvm/nvm.o
 .text.nvm_eeprom_read_byte
                0x00000000       0x36 src/asf/xmega/drivers/nvm/nvm.o
 .text.nvm_eeprom_read_buffer
                0x00000000       0x36 src/asf/xmega/drivers/nvm/nvm.o
 .text.nvm_eeprom_flush_buffer
                0x00000000       0x24 src/asf/xmega/drivers/nvm/nvm.o
 .text.nvm_eeprom_write_byte
                0x00000000       0x54 src/asf/xmega/drivers/nvm/nvm.o
 .text.nvm_eeprom_load_byte_to_buffer
                0x00000000       0x20 src/asf/xmega/drivers/nvm/nvm.o
 .text.nvm_eeprom_load_page_to_buffer
                0x00000000       0x50 src/asf/xmega/drivers/nvm/nvm.o
 .text.nvm_eeprom_atomic_write_page
                0x00000000       0x46 src/asf/xmega/drivers/nvm/nvm.o
 .text.nvm_eeprom_erase_and_write_buffer
                0x00000000       0x90 src/asf/xmega/drivers/nvm/nvm.o
 .text.nvm_eeprom_split_write_page
                0x00000000       0x46 src/asf/xmega/drivers/nvm/nvm.o
 .text.nvm_eeprom_fill_buffer_with_value
                0x00000000       0x3e src/asf/xmega/drivers/nvm/nvm.o
 .text.nvm_eeprom_erase_bytes_in_page
                0x00000000       0x46 src/asf/xmega/drivers/nvm/nvm.o
 .text.nvm_eeprom_erase_page
                0x00000000       0x14 src/asf/xmega/drivers/nvm/nvm.o
 .text.nvm_eeprom_erase_bytes_in_all_pages
                0x00000000       0x2e src/asf/xmega/drivers/nvm/nvm.o
 .text.nvm_eeprom_erase_all
                0x00000000        0xc src/asf/xmega/drivers/nvm/nvm.o
 .text.nvm_issue_flash_range_crc
                0x00000000       0x64 src/asf/xmega/drivers/nvm/nvm.o
 .text.nvm_flash_read_buffer
                0x00000000       0x40 src/asf/xmega/drivers/nvm/nvm.o
 .text.nvm_user_sig_read_buffer
                0x00000000       0x3c src/asf/xmega/drivers/nvm/nvm.o
 .text.nvm_user_sig_write_buffer
                0x00000000      0x164 src/asf/xmega/drivers/nvm/nvm.o
 .text.nvm_flash_erase_and_write_buffer
                0x00000000      0x17c src/asf/xmega/drivers/nvm/nvm.o
 .text.nvm_fuses_read
                0x00000000       0x32 src/asf/xmega/drivers/nvm/nvm.o
 .debug_info    0x00000000      0xf22 src/asf/xmega/drivers/nvm/nvm.o
 .debug_abbrev  0x00000000      0x388 src/asf/xmega/drivers/nvm/nvm.o
 .debug_loc     0x00000000      0xf99 src/asf/xmega/drivers/nvm/nvm.o
 .debug_aranges
                0x00000000       0xc0 src/asf/xmega/drivers/nvm/nvm.o
 .debug_ranges  0x00000000       0xc8 src/asf/xmega/drivers/nvm/nvm.o
 .debug_line    0x00000000      0x85a src/asf/xmega/drivers/nvm/nvm.o
 .debug_macinfo
                0x00000000    0x20d26 src/asf/xmega/drivers/nvm/nvm.o
 .debug_str     0x00000000      0x98d src/asf/xmega/drivers/nvm/nvm.o
 .debug_frame   0x00000000      0x344 src/asf/xmega/drivers/nvm/nvm.o
 .text          0x00000000        0x0 src/asf/xmega/drivers/nvm/nvm_asm.o
 .data          0x00000000        0x0 src/asf/xmega/drivers/nvm/nvm_asm.o
 .bss           0x00000000        0x0 src/asf/xmega/drivers/nvm/nvm_asm.o
 .BOOT          0x00000000       0x44 src/asf/xmega/drivers/nvm/nvm_asm.o
 .text          0x00000000        0x0 src/asf/xmega/drivers/spi/spi.o
 .data          0x00000000        0x0 src/asf/xmega/drivers/spi/spi.o
 .bss           0x00000000        0x0 src/asf/xmega/drivers/spi/spi.o
 .text          0x00000000        0x0 src/asf/xmega/drivers/usart/usart.o
 .data          0x00000000        0x0 src/asf/xmega/drivers/usart/usart.o
 .bss           0x00000000        0x0 src/asf/xmega/drivers/usart/usart.o
 .text.usart_getchar
                0x00000000        0xc src/asf/xmega/drivers/usart/usart.o
 .text.usart_set_bsel_bscale_value
                0x00000000       0x10 src/asf/xmega/drivers/usart/usart.o
 .text.usart_set_baudrate_precalculated
                0x00000000      0x10e src/asf/xmega/drivers/usart/usart.o
 .text.usart_spi_set_baudrate
                0x00000000       0x64 src/asf/xmega/drivers/usart/usart.o
 .text.usart_init_spi
                0x00000000      0x1c2 src/asf/xmega/drivers/usart/usart.o
 .progmem.data  0x00000000       0x1c src/asf/xmega/drivers/usart/usart.o
 .text          0x00000000        0x0 src/mppt.o
 .data          0x00000000        0x0 src/mppt.o
 .bss           0x00000000        0x0 src/mppt.o
 .text.mppt_get_powers
                0x00000000      0x132 src/mppt.o
 .text.mppt_cycle
                0x00000000       0x60 src/mppt.o
 .debug_info    0x00000000      0x556 src/mppt.o
 .debug_abbrev  0x00000000      0x1b4 src/mppt.o
 .debug_loc     0x00000000       0xd6 src/mppt.o
 .debug_aranges
                0x00000000       0x28 src/mppt.o
 .debug_ranges  0x00000000       0x18 src/mppt.o
 .debug_line    0x00000000      0x92a src/mppt.o
 .debug_macinfo
                0x00000000    0x233c1 src/mppt.o
 .debug_str     0x00000000      0x5df src/mppt.o
 .debug_frame   0x00000000       0x58 src/mppt.o
 .text          0x00000000        0x0 src/main.o
 .bss           0x00000000        0x0 src/main.o
 .text          0x00000000        0x0 c:/program files (x86)/atmel/atmel studio 6.0/extensions/atmel/avrgcc/3.4.0.65/avrtoolchain/bin/../lib/gcc/avr/4.6.2/avrxmega4\libgcc.a(_udivmodhi4.o)
 .data          0x00000000        0x0 c:/program files (x86)/atmel/atmel studio 6.0/extensions/atmel/avrgcc/3.4.0.65/avrtoolchain/bin/../lib/gcc/avr/4.6.2/avrxmega4\libgcc.a(_udivmodhi4.o)
 .bss           0x00000000        0x0 c:/program files (x86)/atmel/atmel studio 6.0/extensions/atmel/avrgcc/3.4.0.65/avrtoolchain/bin/../lib/gcc/avr/4.6.2/avrxmega4\libgcc.a(_udivmodhi4.o)
 .text          0x00000000        0x0 c:/program files (x86)/atmel/atmel studio 6.0/extensions/atmel/avrgcc/3.4.0.65/avrtoolchain/bin/../lib/gcc/avr/4.6.2/avrxmega4\libgcc.a(_divmodhi4.o)
 .data          0x00000000        0x0 c:/program files (x86)/atmel/atmel studio 6.0/extensions/atmel/avrgcc/3.4.0.65/avrtoolchain/bin/../lib/gcc/avr/4.6.2/avrxmega4\libgcc.a(_divmodhi4.o)
 .bss           0x00000000        0x0 c:/program files (x86)/atmel/atmel studio 6.0/extensions/atmel/avrgcc/3.4.0.65/avrtoolchain/bin/../lib/gcc/avr/4.6.2/avrxmega4\libgcc.a(_divmodhi4.o)
 .text          0x00000000        0x0 c:/program files (x86)/atmel/atmel studio 6.0/extensions/atmel/avrgcc/3.4.0.65/avrtoolchain/bin/../lib/gcc/avr/4.6.2/avrxmega4\libgcc.a(_udivmodsi4.o)
 .data          0x00000000        0x0 c:/program files (x86)/atmel/atmel studio 6.0/extensions/atmel/avrgcc/3.4.0.65/avrtoolchain/bin/../lib/gcc/avr/4.6.2/avrxmega4\libgcc.a(_udivmodsi4.o)
 .bss           0x00000000        0x0 c:/program files (x86)/atmel/atmel studio 6.0/extensions/atmel/avrgcc/3.4.0.65/avrtoolchain/bin/../lib/gcc/avr/4.6.2/avrxmega4\libgcc.a(_udivmodsi4.o)
 .text          0x00000000        0x0 c:/program files (x86)/atmel/atmel studio 6.0/extensions/atmel/avrgcc/3.4.0.65/avrtoolchain/bin/../lib/gcc/avr/4.6.2/avrxmega4\libgcc.a(_exit.o)
 .data          0x00000000        0x0 c:/program files (x86)/atmel/atmel studio 6.0/extensions/atmel/avrgcc/3.4.0.65/avrtoolchain/bin/../lib/gcc/avr/4.6.2/avrxmega4\libgcc.a(_exit.o)
 .bss           0x00000000        0x0 c:/program files (x86)/atmel/atmel studio 6.0/extensions/atmel/avrgcc/3.4.0.65/avrtoolchain/bin/../lib/gcc/avr/4.6.2/avrxmega4\libgcc.a(_exit.o)
 .text.libgcc   0x00000000        0x0 c:/program files (x86)/atmel/atmel studio 6.0/extensions/atmel/avrgcc/3.4.0.65/avrtoolchain/bin/../lib/gcc/avr/4.6.2/avrxmega4\libgcc.a(_exit.o)
 .text          0x00000000        0x0 c:/program files (x86)/atmel/atmel studio 6.0/extensions/atmel/avrgcc/3.4.0.65/avrtoolchain/bin/../lib/gcc/avr/4.6.2/avrxmega4\libgcc.a(_copy_data.o)
 .data          0x00000000        0x0 c:/program files (x86)/atmel/atmel studio 6.0/extensions/atmel/avrgcc/3.4.0.65/avrtoolchain/bin/../lib/gcc/avr/4.6.2/avrxmega4\libgcc.a(_copy_data.o)
 .bss           0x00000000        0x0 c:/program files (x86)/atmel/atmel studio 6.0/extensions/atmel/avrgcc/3.4.0.65/avrtoolchain/bin/../lib/gcc/avr/4.6.2/avrxmega4\libgcc.a(_copy_data.o)
 .text.libgcc   0x00000000        0x0 c:/program files (x86)/atmel/atmel studio 6.0/extensions/atmel/avrgcc/3.4.0.65/avrtoolchain/bin/../lib/gcc/avr/4.6.2/avrxmega4\libgcc.a(_copy_data.o)
 .text          0x00000000        0x0 c:/program files (x86)/atmel/atmel studio 6.0/extensions/atmel/avrgcc/3.4.0.65/avrtoolchain/bin/../lib/gcc/avr/4.6.2/avrxmega4\libgcc.a(_clear_bss.o)
 .data          0x00000000        0x0 c:/program files (x86)/atmel/atmel studio 6.0/extensions/atmel/avrgcc/3.4.0.65/avrtoolchain/bin/../lib/gcc/avr/4.6.2/avrxmega4\libgcc.a(_clear_bss.o)
 .bss           0x00000000        0x0 c:/program files (x86)/atmel/atmel studio 6.0/extensions/atmel/avrgcc/3.4.0.65/avrtoolchain/bin/../lib/gcc/avr/4.6.2/avrxmega4\libgcc.a(_clear_bss.o)
 .text.libgcc   0x00000000        0x0 c:/program files (x86)/atmel/atmel studio 6.0/extensions/atmel/avrgcc/3.4.0.65/avrtoolchain/bin/../lib/gcc/avr/4.6.2/avrxmega4\libgcc.a(_clear_bss.o)
 .text          0x00000000        0x0 c:/program files (x86)/atmel/atmel studio 6.0/extensions/atmel/avrgcc/3.4.0.65/avrtoolchain/bin/../lib/gcc/avr/4.6.2/../../../../avr/lib/avrxmega4\libc.a(memcpy.o)
 .data          0x00000000        0x0 c:/program files (x86)/atmel/atmel studio 6.0/extensions/atmel/avrgcc/3.4.0.65/avrtoolchain/bin/../lib/gcc/avr/4.6.2/../../../../avr/lib/avrxmega4\libc.a(memcpy.o)
 .bss           0x00000000        0x0 c:/program files (x86)/atmel/atmel studio 6.0/extensions/atmel/avrgcc/3.4.0.65/avrtoolchain/bin/../lib/gcc/avr/4.6.2/../../../../avr/lib/avrxmega4\libc.a(memcpy.o)
 .stab          0x00000000       0x84 c:/program files (x86)/atmel/atmel studio 6.0/extensions/atmel/avrgcc/3.4.0.65/avrtoolchain/bin/../lib/gcc/avr/4.6.2/../../../../avr/lib/avrxmega4\libc.a(memcpy.o)
                                 0x90 (size before relaxing)
 .text.avr-libc
                0x00000000       0x12 c:/program files (x86)/atmel/atmel studio 6.0/extensions/atmel/avrgcc/3.4.0.65/avrtoolchain/bin/../lib/gcc/avr/4.6.2/../../../../avr/lib/avrxmega4\libc.a(memcpy.o)
 .text          0x00000000        0x0 c:/program files (x86)/atmel/atmel studio 6.0/extensions/atmel/avrgcc/3.4.0.65/avrtoolchain/bin/../lib/gcc/avr/4.6.2/../../../../avr/lib/avrxmega4\libc.a(sprintf.o)
 .data          0x00000000        0x0 c:/program files (x86)/atmel/atmel studio 6.0/extensions/atmel/avrgcc/3.4.0.65/avrtoolchain/bin/../lib/gcc/avr/4.6.2/../../../../avr/lib/avrxmega4\libc.a(sprintf.o)
 .bss           0x00000000        0x0 c:/program files (x86)/atmel/atmel studio 6.0/extensions/atmel/avrgcc/3.4.0.65/avrtoolchain/bin/../lib/gcc/avr/4.6.2/../../../../avr/lib/avrxmega4\libc.a(sprintf.o)
 .text          0x00000000        0x0 c:/program files (x86)/atmel/atmel studio 6.0/extensions/atmel/avrgcc/3.4.0.65/avrtoolchain/bin/../lib/gcc/avr/4.6.2/../../../../avr/lib/avrxmega4\libc.a(vfprintf_std.o)
 .data          0x00000000        0x0 c:/program files (x86)/atmel/atmel studio 6.0/extensions/atmel/avrgcc/3.4.0.65/avrtoolchain/bin/../lib/gcc/avr/4.6.2/../../../../avr/lib/avrxmega4\libc.a(vfprintf_std.o)
 .bss           0x00000000        0x0 c:/program files (x86)/atmel/atmel studio 6.0/extensions/atmel/avrgcc/3.4.0.65/avrtoolchain/bin/../lib/gcc/avr/4.6.2/../../../../avr/lib/avrxmega4\libc.a(vfprintf_std.o)
 .text          0x00000000        0x0 c:/program files (x86)/atmel/atmel studio 6.0/extensions/atmel/avrgcc/3.4.0.65/avrtoolchain/bin/../lib/gcc/avr/4.6.2/../../../../avr/lib/avrxmega4\libc.a(strnlen_P.o)
 .data          0x00000000        0x0 c:/program files (x86)/atmel/atmel studio 6.0/extensions/atmel/avrgcc/3.4.0.65/avrtoolchain/bin/../lib/gcc/avr/4.6.2/../../../../avr/lib/avrxmega4\libc.a(strnlen_P.o)
 .bss           0x00000000        0x0 c:/program files (x86)/atmel/atmel studio 6.0/extensions/atmel/avrgcc/3.4.0.65/avrtoolchain/bin/../lib/gcc/avr/4.6.2/../../../../avr/lib/avrxmega4\libc.a(strnlen_P.o)
 .text          0x00000000        0x0 c:/program files (x86)/atmel/atmel studio 6.0/extensions/atmel/avrgcc/3.4.0.65/avrtoolchain/bin/../lib/gcc/avr/4.6.2/../../../../avr/lib/avrxmega4\libc.a(strnlen.o)
 .data          0x00000000        0x0 c:/program files (x86)/atmel/atmel studio 6.0/extensions/atmel/avrgcc/3.4.0.65/avrtoolchain/bin/../lib/gcc/avr/4.6.2/../../../../avr/lib/avrxmega4\libc.a(strnlen.o)
 .bss           0x00000000        0x0 c:/program files (x86)/atmel/atmel studio 6.0/extensions/atmel/avrgcc/3.4.0.65/avrtoolchain/bin/../lib/gcc/avr/4.6.2/../../../../avr/lib/avrxmega4\libc.a(strnlen.o)
 .text          0x00000000        0x0 c:/program files (x86)/atmel/atmel studio 6.0/extensions/atmel/avrgcc/3.4.0.65/avrtoolchain/bin/../lib/gcc/avr/4.6.2/../../../../avr/lib/avrxmega4\libc.a(fputc.o)
 .data          0x00000000        0x0 c:/program files (x86)/atmel/atmel studio 6.0/extensions/atmel/avrgcc/3.4.0.65/avrtoolchain/bin/../lib/gcc/avr/4.6.2/../../../../avr/lib/avrxmega4\libc.a(fputc.o)
 .bss           0x00000000        0x0 c:/program files (x86)/atmel/atmel studio 6.0/extensions/atmel/avrgcc/3.4.0.65/avrtoolchain/bin/../lib/gcc/avr/4.6.2/../../../../avr/lib/avrxmega4\libc.a(fputc.o)
 .text          0x00000000        0x0 c:/program files (x86)/atmel/atmel studio 6.0/extensions/atmel/avrgcc/3.4.0.65/avrtoolchain/bin/../lib/gcc/avr/4.6.2/../../../../avr/lib/avrxmega4\libc.a(ultoa_invert.o)
 .data          0x00000000        0x0 c:/program files (x86)/atmel/atmel studio 6.0/extensions/atmel/avrgcc/3.4.0.65/avrtoolchain/bin/../lib/gcc/avr/4.6.2/../../../../avr/lib/avrxmega4\libc.a(ultoa_invert.o)
 .bss           0x00000000        0x0 c:/program files (x86)/atmel/atmel studio 6.0/extensions/atmel/avrgcc/3.4.0.65/avrtoolchain/bin/../lib/gcc/avr/4.6.2/../../../../avr/lib/avrxmega4\libc.a(ultoa_invert.o)

Memory Configuration

Name             Origin             Length             Attributes
text             0x00000000         0x00100000         xr
data             0x00802000         0x0000ffa0         rw !x
eeprom           0x00810000         0x00010000         rw !x
fuse             0x00820000         0x00000400         rw !x
lock             0x00830000         0x00000400         rw !x
signature        0x00840000         0x00000400         rw !x
*default*        0x00000000         0xffffffff

Linker script and memory map

LOAD c:/program files (x86)/atmel/atmel studio 6.0/extensions/atmel/avrgcc/3.4.0.65/avrtoolchain/bin/../lib/gcc/avr/4.6.2/../../../../avr/lib/avrxmega4/crtx64a3.o
LOAD src/asf/common/services/clock/xmega/sysclk.o
LOAD src/asf/common/services/ioport/xmega/ioport_compat.o
LOAD src/asf/common/services/serial/usart_serial.o
LOAD src/asf/common/services/sleepmgr/xmega/sleepmgr.o
LOAD src/asf/common/services/spi/xmega_spi/spi_master.o
LOAD src/asf/xmega/boards/bluesat_bcr/bcr.o
LOAD src/asf/xmega/boards/bluesat_bcr/bcr_adc.o
LOAD src/asf/xmega/boards/bluesat_bcr/bcr_dac.o
LOAD src/asf/xmega/drivers/adc/adc.o
LOAD src/asf/xmega/drivers/adc/xmega_aau/adc_aau.o
LOAD src/asf/xmega/drivers/cpu/ccp.o
LOAD src/asf/xmega/drivers/nvm/nvm.o
LOAD src/asf/xmega/drivers/nvm/nvm_asm.o
LOAD src/asf/xmega/drivers/spi/spi.o
LOAD src/asf/xmega/drivers/usart/usart.o
LOAD src/mppt.o
LOAD src/main.o
START GROUP
END GROUP
Address of section .BOOT set to 0x10000
LOAD c:/program files (x86)/atmel/atmel studio 6.0/extensions/atmel/avrgcc/3.4.0.65/avrtoolchain/bin/../lib/gcc/avr/4.6.2/avrxmega4\libgcc.a
LOAD c:/program files (x86)/atmel/atmel studio 6.0/extensions/atmel/avrgcc/3.4.0.65/avrtoolchain/bin/../lib/gcc/avr/4.6.2/../../../../avr/lib/avrxmega4\libc.a
LOAD c:/program files (x86)/atmel/atmel studio 6.0/extensions/atmel/avrgcc/3.4.0.65/avrtoolchain/bin/../lib/gcc/avr/4.6.2/avrxmega4\libgcc.a

.hash
 *(.hash)

.dynsym
 *(.dynsym)

.dynstr
 *(.dynstr)

.gnu.version
 *(.gnu.version)

.gnu.version_d
 *(.gnu.version_d)

.gnu.version_r
 *(.gnu.version_r)

.rel.init
 *(.rel.init)

.rela.init
 *(.rela.init)

.rel.text
 *(.rel.text)
 *(.rel.text.*)
 *(.rel.gnu.linkonce.t*)

.rela.text
 *(.rela.text)
 *(.rela.text.*)
 *(.rela.gnu.linkonce.t*)

.rel.fini
 *(.rel.fini)

.rela.fini
 *(.rela.fini)

.rel.rodata
 *(.rel.rodata)
 *(.rel.rodata.*)
 *(.rel.gnu.linkonce.r*)

.rela.rodata
 *(.rela.rodata)
 *(.rela.rodata.*)
 *(.rela.gnu.linkonce.r*)

.rel.data
 *(.rel.data)
 *(.rel.data.*)
 *(.rel.gnu.linkonce.d*)

.rela.data
 *(.rela.data)
 *(.rela.data.*)
 *(.rela.gnu.linkonce.d*)

.rel.ctors
 *(.rel.ctors)

.rela.ctors
 *(.rela.ctors)

.rel.dtors
 *(.rel.dtors)

.rela.dtors
 *(.rela.dtors)

.rel.got
 *(.rel.got)

.rela.got
 *(.rela.got)

.rel.bss
 *(.rel.bss)

.rela.bss
 *(.rela.bss)

.rel.plt
 *(.rel.plt)

.rela.plt
 *(.rela.plt)

.text           0x00000000     0x1c06
 *(.vectors)
 .vectors       0x00000000      0x1e8 c:/program files (x86)/atmel/atmel studio 6.0/extensions/atmel/avrgcc/3.4.0.65/avrtoolchain/bin/../lib/gcc/avr/4.6.2/../../../../avr/lib/avrxmega4/crtx64a3.o
                0x00000000                __vector_default
                0x00000000                __vectors
 *(.vectors)
 *(.progmem.gcc*)
 *(.progmem*)
                0x000001e8                . = ALIGN (0x2)
                0x000001e8                __trampolines_start = .
 *(.trampolines)
 .trampolines   0x000001e8        0x0 linker stubs
 *(.trampolines*)
                0x000001e8                __trampolines_end = .
 *(.jumptables)
 *(.jumptables*)
 *(.lowtext)
 *(.lowtext*)
                0x000001e8                __ctors_start = .
 *(.ctors)
                0x000001e8                __ctors_end = .
                0x000001e8                __dtors_start = .
 *(.dtors)
                0x000001e8                __dtors_end = .
 SORT(*)(.ctors)
 SORT(*)(.dtors)
 *(.init0)
 .init0         0x000001e8        0x0 c:/program files (x86)/atmel/atmel studio 6.0/extensions/atmel/avrgcc/3.4.0.65/avrtoolchain/bin/../lib/gcc/avr/4.6.2/../../../../avr/lib/avrxmega4/crtx64a3.o
                0x000001e8                __init
 *(.init0)
 *(.init1)
 *(.init1)
 *(.init2)
 .init2         0x000001e8        0xc c:/program files (x86)/atmel/atmel studio 6.0/extensions/atmel/avrgcc/3.4.0.65/avrtoolchain/bin/../lib/gcc/avr/4.6.2/../../../../avr/lib/avrxmega4/crtx64a3.o
 *(.init2)
 *(.init3)
 *(.init3)
 *(.init4)
 .init4         0x000001f4       0x1a c:/program files (x86)/atmel/atmel studio 6.0/extensions/atmel/avrgcc/3.4.0.65/avrtoolchain/bin/../lib/gcc/avr/4.6.2/avrxmega4\libgcc.a(_copy_data.o)
                0x000001f4                __do_copy_data
 .init4         0x0000020e       0x10 c:/program files (x86)/atmel/atmel studio 6.0/extensions/atmel/avrgcc/3.4.0.65/avrtoolchain/bin/../lib/gcc/avr/4.6.2/avrxmega4\libgcc.a(_clear_bss.o)
                0x0000020e                __do_clear_bss
 *(.init4)
 *(.init5)
 *(.init5)
 *(.init6)
 *(.init6)
 *(.init7)
 *(.init7)
 *(.init8)
 *(.init8)
 *(.init9)
 .init9         0x0000021e        0x8 c:/program files (x86)/atmel/atmel studio 6.0/extensions/atmel/avrgcc/3.4.0.65/avrtoolchain/bin/../lib/gcc/avr/4.6.2/../../../../avr/lib/avrxmega4/crtx64a3.o
 *(.init9)
 *(.text)
 .text          0x00000226        0x2 c:/program files (x86)/atmel/atmel studio 6.0/extensions/atmel/avrgcc/3.4.0.65/avrtoolchain/bin/../lib/gcc/avr/4.6.2/../../../../avr/lib/avrxmega4/crtx64a3.o
                0x00000226                __vector_38
                0x00000226                __vector_104
                0x00000226                __vector_22
                0x00000226                __vector_63
                0x00000226                __vector_28
                0x00000226                __vector_67
                0x00000226                __vector_1
                0x00000226                __vector_119
                0x00000226                __vector_32
                0x00000226                __vector_75
                0x00000226                __vector_91
                0x00000226                __vector_34
                0x00000226                __vector_62
                0x00000226                __vector_77
                0x00000226                __vector_102
                0x00000226                __vector_24
                0x00000226                __vector_12
                0x00000226                __vector_55
                0x00000226                __vector_69
                0x00000226                __vector_81
                0x00000226                __vector_90
                0x00000226                __vector_46
                0x00000226                __bad_interrupt
                0x00000226                __vector_114
                0x00000226                __vector_6
                0x00000226                __vector_110
                0x00000226                __vector_31
                0x00000226                __vector_92
                0x00000226                __vector_35
                0x00000226                __vector_78
                0x00000226                __vector_117
                0x00000226                __vector_107
                0x00000226                __vector_3
                0x00000226                __vector_105
                0x00000226                __vector_98
                0x00000226                __vector_23
                0x00000226                __vector_68
                0x00000226                __vector_30
                0x00000226                __vector_45
                0x00000226                __vector_25
                0x00000226                __vector_93
                0x00000226                __vector_61
                0x00000226                __vector_11
                0x00000226                __vector_54
                0x00000226                __vector_99
                0x00000226                __vector_13
                0x00000226                __vector_17
                0x00000226                __vector_19
                0x00000226                __vector_56
                0x00000226                __vector_7
                0x00000226                __vector_49
                0x00000226                __vector_86
                0x00000226                __vector_100
                0x00000226                __vector_101
                0x00000226                __vector_64
                0x00000226                __vector_88
                0x00000226                __vector_109
                0x00000226                __vector_43
                0x00000226                __vector_27
                0x00000226                __vector_5
                0x00000226                __vector_113
                0x00000226                __vector_33
                0x00000226                __vector_76
                0x00000226                __vector_115
                0x00000226                __vector_47
                0x00000226                __vector_52
                0x00000226                __vector_37
                0x00000226                __vector_95
                0x00000226                __vector_103
                0x00000226                __vector_96
                0x00000226                __vector_89
                0x00000226                __vector_108
                0x00000226                __vector_4
                0x00000226                __vector_44
                0x00000226                __vector_82
                0x00000226                __vector_106
                0x00000226                __vector_118
                0x00000226                __vector_51
                0x00000226                __vector_9
                0x00000226                __vector_2
                0x00000226                __vector_21
                0x00000226                __vector_15
                0x00000226                __vector_66
                0x00000226                __vector_36
                0x00000226                __vector_79
                0x00000226                __vector_58
                0x00000226                __vector_70
                0x00000226                __vector_83
                0x00000226                __vector_29
                0x00000226                __vector_60
                0x00000226                __vector_121
                0x00000226                __vector_85
                0x00000226                __vector_94
                0x00000226                __vector_8
                0x00000226                __vector_26
                0x00000226                __vector_48
                0x00000226                __vector_116
                0x00000226                __vector_112
                0x00000226                __vector_111
                0x00000226                __vector_80
                0x00000226                __vector_14
                0x00000226                __vector_84
                0x00000226                __vector_57
                0x00000226                __vector_53
                0x00000226                __vector_10
                0x00000226                __vector_50
                0x00000226                __vector_16
                0x00000226                __vector_59
                0x00000226                __vector_18
                0x00000226                __vector_97
                0x00000226                __vector_20
                0x00000226                __vector_87
                0x00000226                __vector_65
                0x00000226                __vector_120
                0x00000228                . = ALIGN (0x2)
 *(.text.*)
 .text.sysclk_init
                0x00000228       0x52 src/asf/common/services/clock/xmega/sysclk.o
                0x00000228                sysclk_init
 .text.sysclk_enable_module
                0x0000027a       0x16 src/asf/common/services/clock/xmega/sysclk.o
                0x0000027a                sysclk_enable_module
 .text.sysclk_disable_module
                0x00000290       0x14 src/asf/common/services/clock/xmega/sysclk.o
                0x00000290                sysclk_disable_module
 .text.ioport_configure_port_pin
                0x000002a4       0x4a src/asf/common/services/ioport/xmega/ioport_compat.o
                0x000002a4                ioport_configure_port_pin
 .text.spi_master_init
                0x000002ee       0x58 src/asf/common/services/spi/xmega_spi/spi_master.o
                0x000002ee                spi_master_init
 .text.spi_master_setup_device
                0x00000346       0x36 src/asf/common/services/spi/xmega_spi/spi_master.o
                0x00000346                spi_master_setup_device
 .text.spi_write_packet
                0x0000037c       0x22 src/asf/common/services/spi/xmega_spi/spi_master.o
                0x0000037c                spi_write_packet
 .text.spi_select_device
                0x0000039e       0x36 src/asf/common/services/spi/xmega_spi/spi_master.o
                0x0000039e                spi_select_device
 .text.spi_deselect_device
                0x000003d4       0x36 src/asf/common/services/spi/xmega_spi/spi_master.o
                0x000003d4                spi_deselect_device
 .text.bcr_init
                0x0000040a       0xfc src/asf/xmega/boards/bluesat_bcr/bcr.o
                0x0000040a                bcr_init
 .text.adc_setup
                0x00000506       0x78 src/asf/xmega/boards/bluesat_bcr/bcr_adc.o
 .text.adc_handler
                0x0000057e       0xae src/asf/xmega/boards/bluesat_bcr/bcr_adc.o
 .text.bcr_adc_init
                0x0000062c       0x3c src/asf/xmega/boards/bluesat_bcr/bcr_adc.o
                0x0000062c                bcr_adc_init
 .text.bcr_dac_init
                0x00000668       0x74 src/asf/xmega/boards/bluesat_bcr/bcr_dac.o
                0x00000668                bcr_dac_init
 .text.bcr_dac_update
                0x000006dc       0x96 src/asf/xmega/boards/bluesat_bcr/bcr_dac.o
                0x000006dc                bcr_dac_update
 .text.adc_set_callback
                0x00000772       0x2a src/asf/xmega/drivers/adc/adc.o
                0x00000772                adc_set_callback
 .text.adc_enable_clock
                0x0000079c       0x42 src/asf/xmega/drivers/adc/adc.o
                0x0000079c                adc_enable_clock
 .text.adc_disable_clock
                0x000007de       0x3e src/asf/xmega/drivers/adc/adc.o
                0x000007de                adc_disable_clock
 .text.adc_enable
                0x0000081c       0x2e src/asf/xmega/drivers/adc/adc.o
                0x0000081c                adc_enable
 .text.__vector_71
                0x0000084a       0x64 src/asf/xmega/drivers/adc/xmega_aau/adc_aau.o
                0x0000084a                __vector_71
 .text.__vector_72
                0x000008ae       0x64 src/asf/xmega/drivers/adc/xmega_aau/adc_aau.o
                0x000008ae                __vector_72
 .text.__vector_73
                0x00000912       0x64 src/asf/xmega/drivers/adc/xmega_aau/adc_aau.o
                0x00000912                __vector_73
 .text.__vector_74
                0x00000976       0x64 src/asf/xmega/drivers/adc/xmega_aau/adc_aau.o
                0x00000976                __vector_74
 .text.__vector_39
                0x000009da       0x64 src/asf/xmega/drivers/adc/xmega_aau/adc_aau.o
                0x000009da                __vector_39
 .text.__vector_40
                0x00000a3e       0x64 src/asf/xmega/drivers/adc/xmega_aau/adc_aau.o
                0x00000a3e                __vector_40
 .text.__vector_41
                0x00000aa2       0x64 src/asf/xmega/drivers/adc/xmega_aau/adc_aau.o
                0x00000aa2                __vector_41
 .text.__vector_42
                0x00000b06       0x64 src/asf/xmega/drivers/adc/xmega_aau/adc_aau.o
                0x00000b06                __vector_42
 .text.adc_write_configuration
                0x00000b6a       0xc4 src/asf/xmega/drivers/adc/xmega_aau/adc_aau.o
                0x00000b6a                adc_write_configuration
 .text.adc_read_configuration
                0x00000c2e       0x46 src/asf/xmega/drivers/adc/xmega_aau/adc_aau.o
                0x00000c2e                adc_read_configuration
 .text.adcch_write_configuration
                0x00000c74       0x6e src/asf/xmega/drivers/adc/xmega_aau/adc_aau.o
                0x00000c74                adcch_write_configuration
 .text.adcch_read_configuration
                0x00000ce2       0x6e src/asf/xmega/drivers/adc/xmega_aau/adc_aau.o
                0x00000ce2                adcch_read_configuration
 .text.ccp_write_io
                0x00000d50        0xc src/asf/xmega/drivers/cpu/ccp.o
                0x00000d50                ccp_write_io
 .text.nvm_read_byte
                0x00000d5c       0x14 src/asf/xmega/drivers/nvm/nvm_asm.o
                0x00000d5c                nvm_read_byte
 .text.spi_xmega_set_baud_div
                0x00000d70       0x92 src/asf/xmega/drivers/spi/spi.o
                0x00000d70                spi_xmega_set_baud_div
 .text.usart_putchar
                0x00000e02       0x10 src/asf/xmega/drivers/usart/usart.o
                0x00000e02                usart_putchar
 .text.usart_set_baudrate
                0x00000e12      0x238 src/asf/xmega/drivers/usart/usart.o
                0x00000e12                usart_set_baudrate
 .text.usart_init_rs232
                0x0000104a       0xe4 src/asf/xmega/drivers/usart/usart.o
                0x0000104a                usart_init_rs232
 .text.usart_serial_write_string
                0x0000112e       0x2c src/main.o
                0x0000112e                usart_serial_write_string
 .text.print_adc
                0x0000115a      0x468 src/main.o
                0x0000115a                print_adc
 .text.main     0x000015c2       0x36 src/main.o
                0x000015c2                main
 .text.libgcc   0x000015f8       0x28 c:/program files (x86)/atmel/atmel studio 6.0/extensions/atmel/avrgcc/3.4.0.65/avrtoolchain/bin/../lib/gcc/avr/4.6.2/avrxmega4\libgcc.a(_udivmodhi4.o)
                0x000015f8                __udivmodhi4
 .text.libgcc   0x00001620       0x26 c:/program files (x86)/atmel/atmel studio 6.0/extensions/atmel/avrgcc/3.4.0.65/avrtoolchain/bin/../lib/gcc/avr/4.6.2/avrxmega4\libgcc.a(_divmodhi4.o)
                0x00001620                _div
                0x00001620                __divmodhi4
 .text.libgcc   0x00001646       0x44 c:/program files (x86)/atmel/atmel studio 6.0/extensions/atmel/avrgcc/3.4.0.65/avrtoolchain/bin/../lib/gcc/avr/4.6.2/avrxmega4\libgcc.a(_udivmodsi4.o)
                0x00001646                __udivmodsi4
 .text.avr-libc
                0x0000168a       0x50 c:/program files (x86)/atmel/atmel studio 6.0/extensions/atmel/avrgcc/3.4.0.65/avrtoolchain/bin/../lib/gcc/avr/4.6.2/../../../../avr/lib/avrxmega4\libc.a(sprintf.o)
                0x0000168a                sprintf
 .text.avr-libc
                0x000016da      0x3e8 c:/program files (x86)/atmel/atmel studio 6.0/extensions/atmel/avrgcc/3.4.0.65/avrtoolchain/bin/../lib/gcc/avr/4.6.2/../../../../avr/lib/avrxmega4\libc.a(vfprintf_std.o)
                0x000016da                vfprintf
 .text.avr-libc
                0x00001ac2       0x16 c:/program files (x86)/atmel/atmel studio 6.0/extensions/atmel/avrgcc/3.4.0.65/avrtoolchain/bin/../lib/gcc/avr/4.6.2/../../../../avr/lib/avrxmega4\libc.a(strnlen_P.o)
                0x00001ac2                strnlen_P
 .text.avr-libc
                0x00001ad8       0x16 c:/program files (x86)/atmel/atmel studio 6.0/extensions/atmel/avrgcc/3.4.0.65/avrtoolchain/bin/../lib/gcc/avr/4.6.2/../../../../avr/lib/avrxmega4\libc.a(strnlen.o)
                0x00001ad8                strnlen
 .text.avr-libc
                0x00001aee       0x58 c:/program files (x86)/atmel/atmel studio 6.0/extensions/atmel/avrgcc/3.4.0.65/avrtoolchain/bin/../lib/gcc/avr/4.6.2/../../../../avr/lib/avrxmega4\libc.a(fputc.o)
                0x00001aee                fputc
 .text.avr-libc
                0x00001b46       0xbc c:/program files (x86)/atmel/atmel studio 6.0/extensions/atmel/avrgcc/3.4.0.65/avrtoolchain/bin/../lib/gcc/avr/4.6.2/../../../../avr/lib/avrxmega4\libc.a(ultoa_invert.o)
                0x00001b46                __ultoa_invert
                0x00001c02                . = ALIGN (0x2)
 *(.fini9)
 .fini9         0x00001c02        0x0 c:/program files (x86)/atmel/atmel studio 6.0/extensions/atmel/avrgcc/3.4.0.65/avrtoolchain/bin/../lib/gcc/avr/4.6.2/avrxmega4\libgcc.a(_exit.o)
                0x00001c02                _exit
                0x00001c02                exit
 *(.fini9)
 *(.fini8)
 *(.fini8)
 *(.fini7)
 *(.fini7)
 *(.fini6)
 *(.fini6)
 *(.fini5)
 *(.fini5)
 *(.fini4)
 *(.fini4)
 *(.fini3)
 *(.fini3)
 *(.fini2)
 *(.fini2)
 *(.fini1)
 *(.fini1)
 *(.fini0)
 .fini0         0x00001c02        0x4 c:/program files (x86)/atmel/atmel studio 6.0/extensions/atmel/avrgcc/3.4.0.65/avrtoolchain/bin/../lib/gcc/avr/4.6.2/avrxmega4\libgcc.a(_exit.o)
 *(.fini0)
                0x00001c06                _etext = .

.data           0x00802000      0x110 load address 0x00001c06
                0x00802000                PROVIDE (__data_start, .)
 *(.data)
 .data          0x00802000      0x10f src/main.o
 *(.data*)
 .data.spi_device_conf
                0x0080210f        0x1 src/asf/xmega/boards/bluesat_bcr/bcr_dac.o
 *(.rodata)
 *(.rodata*)
 *(.gnu.linkonce.d*)
                0x00802110                . = ALIGN (0x2)
                0x00802110                _edata = .
                0x00802110                PROVIDE (__data_end, .)

.bss            0x00802110       0x3c
                0x00802110                PROVIDE (__bss_start, .)
 *(.bss)
 *(.bss*)
 .bss.adca_enable_count
                0x00802110        0x1 src/asf/xmega/drivers/adc/adc.o
 .bss.adcb_enable_count
                0x00802111        0x1 src/asf/xmega/drivers/adc/adc.o
 *(COMMON)
 COMMON         0x00802112       0x30 src/asf/common/services/clock/xmega/sysclk.o
                0x00802112                bcr_dac
                0x00802122                bcr_adc
 COMMON         0x00802142        0x6 src/asf/common/services/sleepmgr/xmega/sleepmgr.o
                0x00802142                sleepmgr_locks
 COMMON         0x00802148        0x4 src/asf/xmega/drivers/adc/adc.o
                0x00802148                adcb_callback
                0x0080214a                adca_callback
                0x0080214c                PROVIDE (__bss_end, .)
                0x00001c06                __data_load_start = LOADADDR (.data)
                0x00001d16                __data_load_end = (__data_load_start + SIZEOF (.data))

.noinit         0x0080214c        0x0
                0x0080214c                PROVIDE (__noinit_start, .)
 *(.noinit*)
                0x0080214c                PROVIDE (__noinit_end, .)
                0x0080214c                _end = .
                0x0080214c                PROVIDE (__heap_start, .)

.eeprom         0x00810000        0x0
 *(.eeprom*)
                0x00810000                __eeprom_end = .

.fuse
 *(.fuse)
 *(.lfuse)
 *(.hfuse)
 *(.efuse)

.lock
 *(.lock*)

.signature
 *(.signature*)

.stab           0x00000000      0xc84
 *(.stab)
 .stab          0x00000000      0x6cc c:/program files (x86)/atmel/atmel studio 6.0/extensions/atmel/avrgcc/3.4.0.65/avrtoolchain/bin/../lib/gcc/avr/4.6.2/../../../../avr/lib/avrxmega4/crtx64a3.o
 .stab          0x000006cc       0x9c c:/program files (x86)/atmel/atmel studio 6.0/extensions/atmel/avrgcc/3.4.0.65/avrtoolchain/bin/../lib/gcc/avr/4.6.2/../../../../avr/lib/avrxmega4\libc.a(strnlen_P.o)
                                 0xa8 (size before relaxing)
 .stab          0x00000768       0x9c c:/program files (x86)/atmel/atmel studio 6.0/extensions/atmel/avrgcc/3.4.0.65/avrtoolchain/bin/../lib/gcc/avr/4.6.2/../../../../avr/lib/avrxmega4\libc.a(strnlen.o)
                                 0xa8 (size before relaxing)
 .stab          0x00000804      0x480 c:/program files (x86)/atmel/atmel studio 6.0/extensions/atmel/avrgcc/3.4.0.65/avrtoolchain/bin/../lib/gcc/avr/4.6.2/../../../../avr/lib/avrxmega4\libc.a(ultoa_invert.o)
                                0x48c (size before relaxing)

.stabstr        0x00000000      0x218
 *(.stabstr)
 .stabstr       0x00000000      0x218 c:/program files (x86)/atmel/atmel studio 6.0/extensions/atmel/avrgcc/3.4.0.65/avrtoolchain/bin/../lib/gcc/avr/4.6.2/../../../../avr/lib/avrxmega4/crtx64a3.o

.stab.excl
 *(.stab.excl)

.stab.exclstr
 *(.stab.exclstr)

.stab.index
 *(.stab.index)

.stab.indexstr
 *(.stab.indexstr)

.comment
 *(.comment)

.debug
 *(.debug)

.line
 *(.line)

.debug_srcinfo
 *(.debug_srcinfo)

.debug_sfnames
 *(.debug_sfnames)

.debug_aranges  0x00000000      0x3e0
 *(.debug_aranges)
 .debug_aranges
                0x00000000       0x30 src/asf/common/services/clock/xmega/sysclk.o
 .debug_aranges
                0x00000030       0x20 src/asf/common/services/ioport/xmega/ioport_compat.o
 .debug_aranges
                0x00000050       0x48 src/asf/common/services/spi/xmega_spi/spi_master.o
 .debug_aranges
                0x00000098       0x20 src/asf/xmega/boards/bluesat_bcr/bcr.o
 .debug_aranges
                0x000000b8       0x30 src/asf/xmega/boards/bluesat_bcr/bcr_adc.o
 .debug_aranges
                0x000000e8       0x28 src/asf/xmega/boards/bluesat_bcr/bcr_dac.o
 .debug_aranges
                0x00000110       0x48 src/asf/xmega/drivers/adc/adc.o
 .debug_aranges
                0x00000158       0x78 src/asf/xmega/drivers/adc/xmega_aau/adc_aau.o
 .debug_aranges
                0x000001d0       0x20 src/asf/xmega/drivers/cpu/ccp.o
 .debug_aranges
                0x000001f0       0x28 src/asf/xmega/drivers/nvm/nvm_asm.o
 .debug_aranges
                0x00000218       0x20 src/asf/xmega/drivers/spi/spi.o
 .debug_aranges
                0x00000238       0x58 src/asf/xmega/drivers/usart/usart.o
 .debug_aranges
                0x00000290       0x30 src/main.o
 .debug_aranges
                0x000002c0       0x20 c:/program files (x86)/atmel/atmel studio 6.0/extensions/atmel/avrgcc/3.4.0.65/avrtoolchain/bin/../lib/gcc/avr/4.6.2/avrxmega4\libgcc.a(_udivmodhi4.o)
 .debug_aranges
                0x000002e0       0x20 c:/program files (x86)/atmel/atmel studio 6.0/extensions/atmel/avrgcc/3.4.0.65/avrtoolchain/bin/../lib/gcc/avr/4.6.2/avrxmega4\libgcc.a(_divmodhi4.o)
 .debug_aranges
                0x00000300       0x20 c:/program files (x86)/atmel/atmel studio 6.0/extensions/atmel/avrgcc/3.4.0.65/avrtoolchain/bin/../lib/gcc/avr/4.6.2/avrxmega4\libgcc.a(_udivmodsi4.o)
 .debug_aranges
                0x00000320       0x20 c:/program files (x86)/atmel/atmel studio 6.0/extensions/atmel/avrgcc/3.4.0.65/avrtoolchain/bin/../lib/gcc/avr/4.6.2/avrxmega4\libgcc.a(_exit.o)
 .debug_aranges
                0x00000340       0x20 c:/program files (x86)/atmel/atmel studio 6.0/extensions/atmel/avrgcc/3.4.0.65/avrtoolchain/bin/../lib/gcc/avr/4.6.2/avrxmega4\libgcc.a(_copy_data.o)
 .debug_aranges
                0x00000360       0x20 c:/program files (x86)/atmel/atmel studio 6.0/extensions/atmel/avrgcc/3.4.0.65/avrtoolchain/bin/../lib/gcc/avr/4.6.2/avrxmega4\libgcc.a(_clear_bss.o)
 .debug_aranges
                0x00000380       0x20 c:/program files (x86)/atmel/atmel studio 6.0/extensions/atmel/avrgcc/3.4.0.65/avrtoolchain/bin/../lib/gcc/avr/4.6.2/../../../../avr/lib/avrxmega4\libc.a(sprintf.o)
 .debug_aranges
                0x000003a0       0x20 c:/program files (x86)/atmel/atmel studio 6.0/extensions/atmel/avrgcc/3.4.0.65/avrtoolchain/bin/../lib/gcc/avr/4.6.2/../../../../avr/lib/avrxmega4\libc.a(vfprintf_std.o)
 .debug_aranges
                0x000003c0       0x20 c:/program files (x86)/atmel/atmel studio 6.0/extensions/atmel/avrgcc/3.4.0.65/avrtoolchain/bin/../lib/gcc/avr/4.6.2/../../../../avr/lib/avrxmega4\libc.a(fputc.o)

.debug_pubnames
 *(.debug_pubnames)

.debug_info     0x00000000     0x766f
 *(.debug_info)
 .debug_info    0x00000000      0x7d3 src/asf/common/services/clock/xmega/sysclk.o
 .debug_info    0x000007d3      0x120 src/asf/common/services/ioport/xmega/ioport_compat.o
 .debug_info    0x000008f3      0x14a src/asf/common/services/sleepmgr/xmega/sleepmgr.o
 .debug_info    0x00000a3d      0xc61 src/asf/common/services/spi/xmega_spi/spi_master.o
 .debug_info    0x0000169e      0x970 src/asf/xmega/boards/bluesat_bcr/bcr.o
 .debug_info    0x0000200e      0xf7c src/asf/xmega/boards/bluesat_bcr/bcr_adc.o
 .debug_info    0x00002f8a      0x760 src/asf/xmega/boards/bluesat_bcr/bcr_dac.o
 .debug_info    0x000036ea      0xb99 src/asf/xmega/drivers/adc/adc.o
 .debug_info    0x00004283      0xe90 src/asf/xmega/drivers/adc/xmega_aau/adc_aau.o
 .debug_info    0x00005113       0x8d src/asf/xmega/drivers/cpu/ccp.o
 .debug_info    0x000051a0       0x8d src/asf/xmega/drivers/nvm/nvm_asm.o
 .debug_info    0x0000522d      0x1ab src/asf/xmega/drivers/spi/spi.o
 .debug_info    0x000053d8      0xdf4 src/asf/xmega/drivers/usart/usart.o
 .debug_info    0x000061cc      0x8f7 src/main.o
 .debug_info    0x00006ac3       0xe2 c:/program files (x86)/atmel/atmel studio 6.0/extensions/atmel/avrgcc/3.4.0.65/avrtoolchain/bin/../lib/gcc/avr/4.6.2/avrxmega4\libgcc.a(_udivmodhi4.o)
 .debug_info    0x00006ba5       0xe2 c:/program files (x86)/atmel/atmel studio 6.0/extensions/atmel/avrgcc/3.4.0.65/avrtoolchain/bin/../lib/gcc/avr/4.6.2/avrxmega4\libgcc.a(_divmodhi4.o)
 .debug_info    0x00006c87       0xe2 c:/program files (x86)/atmel/atmel studio 6.0/extensions/atmel/avrgcc/3.4.0.65/avrtoolchain/bin/../lib/gcc/avr/4.6.2/avrxmega4\libgcc.a(_udivmodsi4.o)
 .debug_info    0x00006d69       0xe2 c:/program files (x86)/atmel/atmel studio 6.0/extensions/atmel/avrgcc/3.4.0.65/avrtoolchain/bin/../lib/gcc/avr/4.6.2/avrxmega4\libgcc.a(_exit.o)
 .debug_info    0x00006e4b       0xe2 c:/program files (x86)/atmel/atmel studio 6.0/extensions/atmel/avrgcc/3.4.0.65/avrtoolchain/bin/../lib/gcc/avr/4.6.2/avrxmega4\libgcc.a(_copy_data.o)
 .debug_info    0x00006f2d       0xe2 c:/program files (x86)/atmel/atmel studio 6.0/extensions/atmel/avrgcc/3.4.0.65/avrtoolchain/bin/../lib/gcc/avr/4.6.2/avrxmega4\libgcc.a(_clear_bss.o)
 .debug_info    0x0000700f      0x1b7 c:/program files (x86)/atmel/atmel studio 6.0/extensions/atmel/avrgcc/3.4.0.65/avrtoolchain/bin/../lib/gcc/avr/4.6.2/../../../../avr/lib/avrxmega4\libc.a(sprintf.o)
 .debug_info    0x000071c6      0x342 c:/program files (x86)/atmel/atmel studio 6.0/extensions/atmel/avrgcc/3.4.0.65/avrtoolchain/bin/../lib/gcc/avr/4.6.2/../../../../avr/lib/avrxmega4\libc.a(vfprintf_std.o)
 .debug_info    0x00007508      0x167 c:/program files (x86)/atmel/atmel studio 6.0/extensions/atmel/avrgcc/3.4.0.65/avrtoolchain/bin/../lib/gcc/avr/4.6.2/../../../../avr/lib/avrxmega4\libc.a(fputc.o)
 *(.gnu.linkonce.wi.*)

.debug_abbrev   0x00000000     0x1cc2
 *(.debug_abbrev)
 .debug_abbrev  0x00000000      0x243 src/asf/common/services/clock/xmega/sysclk.o
 .debug_abbrev  0x00000243       0x9e src/asf/common/services/ioport/xmega/ioport_compat.o
 .debug_abbrev  0x000002e1       0x94 src/asf/common/services/sleepmgr/xmega/sleepmgr.o
 .debug_abbrev  0x00000375      0x24c src/asf/common/services/spi/xmega_spi/spi_master.o
 .debug_abbrev  0x000005c1      0x1fa src/asf/xmega/boards/bluesat_bcr/bcr.o
 .debug_abbrev  0x000007bb      0x304 src/asf/xmega/boards/bluesat_bcr/bcr_adc.o
 .debug_abbrev  0x00000abf      0x20c src/asf/xmega/boards/bluesat_bcr/bcr_dac.o
 .debug_abbrev  0x00000ccb      0x2a3 src/asf/xmega/drivers/adc/adc.o
 .debug_abbrev  0x00000f6e      0x335 src/asf/xmega/drivers/adc/xmega_aau/adc_aau.o
 .debug_abbrev  0x000012a3       0x14 src/asf/xmega/drivers/cpu/ccp.o
 .debug_abbrev  0x000012b7       0x12 src/asf/xmega/drivers/nvm/nvm_asm.o
 .debug_abbrev  0x000012c9       0xe3 src/asf/xmega/drivers/spi/spi.o
 .debug_abbrev  0x000013ac      0x34b src/asf/xmega/drivers/usart/usart.o
 .debug_abbrev  0x000016f7      0x21c src/main.o
 .debug_abbrev  0x00001913       0x14 c:/program files (x86)/atmel/atmel studio 6.0/extensions/atmel/avrgcc/3.4.0.65/avrtoolchain/bin/../lib/gcc/avr/4.6.2/avrxmega4\libgcc.a(_udivmodhi4.o)
 .debug_abbrev  0x00001927       0x14 c:/program files (x86)/atmel/atmel studio 6.0/extensions/atmel/avrgcc/3.4.0.65/avrtoolchain/bin/../lib/gcc/avr/4.6.2/avrxmega4\libgcc.a(_divmodhi4.o)
 .debug_abbrev  0x0000193b       0x14 c:/program files (x86)/atmel/atmel studio 6.0/extensions/atmel/avrgcc/3.4.0.65/avrtoolchain/bin/../lib/gcc/avr/4.6.2/avrxmega4\libgcc.a(_udivmodsi4.o)
 .debug_abbrev  0x0000194f       0x14 c:/program files (x86)/atmel/atmel studio 6.0/extensions/atmel/avrgcc/3.4.0.65/avrtoolchain/bin/../lib/gcc/avr/4.6.2/avrxmega4\libgcc.a(_exit.o)
 .debug_abbrev  0x00001963       0x14 c:/program files (x86)/atmel/atmel studio 6.0/extensions/atmel/avrgcc/3.4.0.65/avrtoolchain/bin/../lib/gcc/avr/4.6.2/avrxmega4\libgcc.a(_copy_data.o)
 .debug_abbrev  0x00001977       0x14 c:/program files (x86)/atmel/atmel studio 6.0/extensions/atmel/avrgcc/3.4.0.65/avrtoolchain/bin/../lib/gcc/avr/4.6.2/avrxmega4\libgcc.a(_clear_bss.o)
 .debug_abbrev  0x0000198b       0xfd c:/program files (x86)/atmel/atmel studio 6.0/extensions/atmel/avrgcc/3.4.0.65/avrtoolchain/bin/../lib/gcc/avr/4.6.2/../../../../avr/lib/avrxmega4\libc.a(sprintf.o)
 .debug_abbrev  0x00001a88      0x161 c:/program files (x86)/atmel/atmel studio 6.0/extensions/atmel/avrgcc/3.4.0.65/avrtoolchain/bin/../lib/gcc/avr/4.6.2/../../../../avr/lib/avrxmega4\libc.a(vfprintf_std.o)
 .debug_abbrev  0x00001be9       0xd9 c:/program files (x86)/atmel/atmel studio 6.0/extensions/atmel/avrgcc/3.4.0.65/avrtoolchain/bin/../lib/gcc/avr/4.6.2/../../../../avr/lib/avrxmega4\libc.a(fputc.o)

.debug_line     0x00000000     0x5eac
 *(.debug_line)
 .debug_line    0x00000000      0x576 src/asf/common/services/clock/xmega/sysclk.o
 .debug_line    0x00000576      0x49f src/asf/common/services/ioport/xmega/ioport_compat.o
 .debug_line    0x00000a15      0x47e src/asf/common/services/sleepmgr/xmega/sleepmgr.o
 .debug_line    0x00000e93      0x6ec src/asf/common/services/spi/xmega_spi/spi_master.o
 .debug_line    0x0000157f      0x91c src/asf/xmega/boards/bluesat_bcr/bcr.o
 .debug_line    0x00001e9b      0x989 src/asf/xmega/boards/bluesat_bcr/bcr_adc.o
 .debug_line    0x00002824      0x941 src/asf/xmega/boards/bluesat_bcr/bcr_dac.o
 .debug_line    0x00003165      0x6be src/asf/xmega/drivers/adc/adc.o
 .debug_line    0x00003823      0x7b4 src/asf/xmega/drivers/adc/xmega_aau/adc_aau.o
 .debug_line    0x00003fd7       0x54 src/asf/xmega/drivers/cpu/ccp.o
 .debug_line    0x0000402b       0x8a src/asf/xmega/drivers/nvm/nvm_asm.o
 .debug_line    0x000040b5      0x4c9 src/asf/xmega/drivers/spi/spi.o
 .debug_line    0x0000457e      0x768 src/asf/xmega/drivers/usart/usart.o
 .debug_line    0x00004ce6      0x979 src/main.o
 .debug_line    0x0000565f       0x9a c:/program files (x86)/atmel/atmel studio 6.0/extensions/atmel/avrgcc/3.4.0.65/avrtoolchain/bin/../lib/gcc/avr/4.6.2/avrxmega4\libgcc.a(_udivmodhi4.o)
 .debug_line    0x000056f9       0x99 c:/program files (x86)/atmel/atmel studio 6.0/extensions/atmel/avrgcc/3.4.0.65/avrtoolchain/bin/../lib/gcc/avr/4.6.2/avrxmega4\libgcc.a(_divmodhi4.o)
 .debug_line    0x00005792       0xa8 c:/program files (x86)/atmel/atmel studio 6.0/extensions/atmel/avrgcc/3.4.0.65/avrtoolchain/bin/../lib/gcc/avr/4.6.2/avrxmega4\libgcc.a(_udivmodsi4.o)
 .debug_line    0x0000583a       0x88 c:/program files (x86)/atmel/atmel studio 6.0/extensions/atmel/avrgcc/3.4.0.65/avrtoolchain/bin/../lib/gcc/avr/4.6.2/avrxmega4\libgcc.a(_exit.o)
 .debug_line    0x000058c2       0x93 c:/program files (x86)/atmel/atmel studio 6.0/extensions/atmel/avrgcc/3.4.0.65/avrtoolchain/bin/../lib/gcc/avr/4.6.2/avrxmega4\libgcc.a(_copy_data.o)
 .debug_line    0x00005955       0x8e c:/program files (x86)/atmel/atmel studio 6.0/extensions/atmel/avrgcc/3.4.0.65/avrtoolchain/bin/../lib/gcc/avr/4.6.2/avrxmega4\libgcc.a(_clear_bss.o)
 .debug_line    0x000059e3      0x157 c:/program files (x86)/atmel/atmel studio 6.0/extensions/atmel/avrgcc/3.4.0.65/avrtoolchain/bin/../lib/gcc/avr/4.6.2/../../../../avr/lib/avrxmega4\libc.a(sprintf.o)
 .debug_line    0x00005b3a      0x291 c:/program files (x86)/atmel/atmel studio 6.0/extensions/atmel/avrgcc/3.4.0.65/avrtoolchain/bin/../lib/gcc/avr/4.6.2/../../../../avr/lib/avrxmega4\libc.a(vfprintf_std.o)
 .debug_line    0x00005dcb       0xe1 c:/program files (x86)/atmel/atmel studio 6.0/extensions/atmel/avrgcc/3.4.0.65/avrtoolchain/bin/../lib/gcc/avr/4.6.2/../../../../avr/lib/avrxmega4\libc.a(fputc.o)

.debug_frame    0x00000000      0x9b8
 *(.debug_frame)
 .debug_frame   0x00000000       0x44 src/asf/common/services/clock/xmega/sysclk.o
 .debug_frame   0x00000044       0x30 src/asf/common/services/ioport/xmega/ioport_compat.o
 .debug_frame   0x00000074       0x9c src/asf/common/services/spi/xmega_spi/spi_master.o
 .debug_frame   0x00000110       0x34 src/asf/xmega/boards/bluesat_bcr/bcr.o
 .debug_frame   0x00000144       0x80 src/asf/xmega/boards/bluesat_bcr/bcr_adc.o
 .debug_frame   0x000001c4       0x84 src/asf/xmega/boards/bluesat_bcr/bcr_dac.o
 .debug_frame   0x00000248       0x8c src/asf/xmega/drivers/adc/adc.o
 .debug_frame   0x000002d4      0x39c src/asf/xmega/drivers/adc/xmega_aau/adc_aau.o
 .debug_frame   0x00000670       0x4c src/asf/xmega/drivers/spi/spi.o
 .debug_frame   0x000006bc      0x134 src/asf/xmega/drivers/usart/usart.o
 .debug_frame   0x000007f0       0xd0 src/main.o
 .debug_frame   0x000008c0       0x3c c:/program files (x86)/atmel/atmel studio 6.0/extensions/atmel/avrgcc/3.4.0.65/avrtoolchain/bin/../lib/gcc/avr/4.6.2/../../../../avr/lib/avrxmega4\libc.a(sprintf.o)
 .debug_frame   0x000008fc       0x84 c:/program files (x86)/atmel/atmel studio 6.0/extensions/atmel/avrgcc/3.4.0.65/avrtoolchain/bin/../lib/gcc/avr/4.6.2/../../../../avr/lib/avrxmega4\libc.a(vfprintf_std.o)
 .debug_frame   0x00000980       0x38 c:/program files (x86)/atmel/atmel studio 6.0/extensions/atmel/avrgcc/3.4.0.65/avrtoolchain/bin/../lib/gcc/avr/4.6.2/../../../../avr/lib/avrxmega4\libc.a(fputc.o)

.debug_str      0x00000000     0x23e3
 *(.debug_str)
 .debug_str     0x00000000      0x5be src/asf/common/services/clock/xmega/sysclk.o
                                0x5fc (size before relaxing)
 .debug_str     0x000005be       0xab src/asf/common/services/ioport/xmega/ioport_compat.o
                                0x1a8 (size before relaxing)
 .debug_str     0x00000669      0x14d src/asf/common/services/sleepmgr/xmega/sleepmgr.o
                                0x236 (size before relaxing)
 .debug_str     0x000007b6      0x44d src/asf/common/services/spi/xmega_spi/spi_master.o
                                0x87b (size before relaxing)
 .debug_str     0x00000c03      0x28a src/asf/xmega/boards/bluesat_bcr/bcr.o
                                0x788 (size before relaxing)
 .debug_str     0x00000e8d      0x897 src/asf/xmega/boards/bluesat_bcr/bcr_adc.o
                                0xdb9 (size before relaxing)
 .debug_str     0x00001724       0x8c src/asf/xmega/boards/bluesat_bcr/bcr_dac.o
                                0x545 (size before relaxing)
 .debug_str     0x000017b0      0x25a src/asf/xmega/drivers/adc/adc.o
                                0x7ec (size before relaxing)
 .debug_str     0x00001a0a      0x48d src/asf/xmega/drivers/adc/xmega_aau/adc_aau.o
                                0x9be (size before relaxing)
 .debug_str     0x00001e97       0xc8 src/asf/xmega/drivers/spi/spi.o
                                0x1f9 (size before relaxing)
 .debug_str     0x00001f5f      0x2b7 src/asf/xmega/drivers/usart/usart.o
                                0xb64 (size before relaxing)
 .debug_str     0x00002216       0x4c src/main.o
                                0x5e7 (size before relaxing)
 .debug_str     0x00002262       0x93 c:/program files (x86)/atmel/atmel studio 6.0/extensions/atmel/avrgcc/3.4.0.65/avrtoolchain/bin/../lib/gcc/avr/4.6.2/../../../../avr/lib/avrxmega4\libc.a(sprintf.o)
                                0x121 (size before relaxing)
 .debug_str     0x000022f5       0x98 c:/program files (x86)/atmel/atmel studio 6.0/extensions/atmel/avrgcc/3.4.0.65/avrtoolchain/bin/../lib/gcc/avr/4.6.2/../../../../avr/lib/avrxmega4\libc.a(vfprintf_std.o)
                                0x16b (size before relaxing)
 .debug_str     0x0000238d       0x56 c:/program files (x86)/atmel/atmel studio 6.0/extensions/atmel/avrgcc/3.4.0.65/avrtoolchain/bin/../lib/gcc/avr/4.6.2/../../../../avr/lib/avrxmega4\libc.a(fputc.o)
                                 0xfb (size before relaxing)

.debug_loc      0x00000000     0x2920
 *(.debug_loc)
 .debug_loc     0x00000000      0x196 src/asf/common/services/clock/xmega/sysclk.o
 .debug_loc     0x00000196       0x6b src/asf/common/services/ioport/xmega/ioport_compat.o
 .debug_loc     0x00000201      0x2f6 src/asf/common/services/spi/xmega_spi/spi_master.o
 .debug_loc     0x000004f7       0x3b src/asf/xmega/boards/bluesat_bcr/bcr.o
 .debug_loc     0x00000532      0x226 src/asf/xmega/boards/bluesat_bcr/bcr_adc.o
 .debug_loc     0x00000758      0x139 src/asf/xmega/boards/bluesat_bcr/bcr_dac.o
 .debug_loc     0x00000891      0x1a2 src/asf/xmega/drivers/adc/adc.o
 .debug_loc     0x00000a33      0xc01 src/asf/xmega/drivers/adc/xmega_aau/adc_aau.o
 .debug_loc     0x00001634      0x133 src/asf/xmega/drivers/spi/spi.o
 .debug_loc     0x00001767      0x9c9 src/asf/xmega/drivers/usart/usart.o
 .debug_loc     0x00002130      0x119 src/main.o
 .debug_loc     0x00002249       0x55 c:/program files (x86)/atmel/atmel studio 6.0/extensions/atmel/avrgcc/3.4.0.65/avrtoolchain/bin/../lib/gcc/avr/4.6.2/../../../../avr/lib/avrxmega4\libc.a(sprintf.o)
 .debug_loc     0x0000229e      0x5e9 c:/program files (x86)/atmel/atmel studio 6.0/extensions/atmel/avrgcc/3.4.0.65/avrtoolchain/bin/../lib/gcc/avr/4.6.2/../../../../avr/lib/avrxmega4\libc.a(vfprintf_std.o)
 .debug_loc     0x00002887       0x99 c:/program files (x86)/atmel/atmel studio 6.0/extensions/atmel/avrgcc/3.4.0.65/avrtoolchain/bin/../lib/gcc/avr/4.6.2/../../../../avr/lib/avrxmega4\libc.a(fputc.o)

.debug_macinfo  0x00000000   0x19a942
 *(.debug_macinfo)
 .debug_macinfo
                0x00000000    0x21a5f src/asf/common/services/clock/xmega/sysclk.o
 .debug_macinfo
                0x00021a5f    0x2108e src/asf/common/services/ioport/xmega/ioport_compat.o
 .debug_macinfo
                0x00042aed    0x20dda src/asf/common/services/sleepmgr/xmega/sleepmgr.o
 .debug_macinfo
                0x000638c7    0x221e6 src/asf/common/services/spi/xmega_spi/spi_master.o
 .debug_macinfo
                0x00085aad    0x23387 src/asf/xmega/boards/bluesat_bcr/bcr.o
 .debug_macinfo
                0x000a8e34    0x23387 src/asf/xmega/boards/bluesat_bcr/bcr_adc.o
 .debug_macinfo
                0x000cc1bb    0x23387 src/asf/xmega/boards/bluesat_bcr/bcr_dac.o
 .debug_macinfo
                0x000ef542    0x223cd src/asf/xmega/drivers/adc/adc.o
 .debug_macinfo
                0x0011190f    0x223cd src/asf/xmega/drivers/adc/xmega_aau/adc_aau.o
 .debug_macinfo
                0x00133cdc    0x210bc src/asf/xmega/drivers/spi/spi.o
 .debug_macinfo
                0x00154d98    0x221d5 src/asf/xmega/drivers/usart/usart.o
 .debug_macinfo
                0x00176f6d    0x239d5 src/main.o
OUTPUT(BLUESAT_BCR.elf elf32-avr)
LOAD linker stubs

.BOOT           0x00010000        0x0

.debug_ranges   0x00000000      0x248
 .debug_ranges  0x00000000       0x20 src/asf/common/services/clock/xmega/sysclk.o
 .debug_ranges  0x00000020       0x10 src/asf/common/services/ioport/xmega/ioport_compat.o
 .debug_ranges  0x00000030       0x38 src/asf/common/services/spi/xmega_spi/spi_master.o
 .debug_ranges  0x00000068       0x10 src/asf/xmega/boards/bluesat_bcr/bcr.o
 .debug_ranges  0x00000078       0x20 src/asf/xmega/boards/bluesat_bcr/bcr_adc.o
 .debug_ranges  0x00000098       0x48 src/asf/xmega/boards/bluesat_bcr/bcr_dac.o
 .debug_ranges  0x000000e0       0x38 src/asf/xmega/drivers/adc/adc.o
 .debug_ranges  0x00000118       0x68 src/asf/xmega/drivers/adc/xmega_aau/adc_aau.o
 .debug_ranges  0x00000180       0x20 src/asf/xmega/drivers/nvm/nvm_asm.o
 .debug_ranges  0x000001a0       0x10 src/asf/xmega/drivers/spi/spi.o
 .debug_ranges  0x000001b0       0x48 src/asf/xmega/drivers/usart/usart.o
 .debug_ranges  0x000001f8       0x20 src/main.o
 .debug_ranges  0x00000218       0x10 c:/program files (x86)/atmel/atmel studio 6.0/extensions/atmel/avrgcc/3.4.0.65/avrtoolchain/bin/../lib/gcc/avr/4.6.2/../../../../avr/lib/avrxmega4\libc.a(sprintf.o)
 .debug_ranges  0x00000228       0x10 c:/program files (x86)/atmel/atmel studio 6.0/extensions/atmel/avrgcc/3.4.0.65/avrtoolchain/bin/../lib/gcc/avr/4.6.2/../../../../avr/lib/avrxmega4\libc.a(vfprintf_std.o)
 .debug_ranges  0x00000238       0x10 c:/program files (x86)/atmel/atmel studio 6.0/extensions/atmel/avrgcc/3.4.0.65/avrtoolchain/bin/../lib/gcc/avr/4.6.2/../../../../avr/lib/avrxmega4\libc.a(fputc.o)
