Archive member included because of file (symbol)

c:/program files (x86)/atmel/atmel studio 6.0/extensions/atmel/avrgcc/3.4.0.65/avrtoolchain/bin/../lib/gcc/avr/4.6.2/avrxmega4\libgcc.a(_udivmodhi4.o)
                              src/mppt.o (__udivmodhi4)
c:/program files (x86)/atmel/atmel studio 6.0/extensions/atmel/avrgcc/3.4.0.65/avrtoolchain/bin/../lib/gcc/avr/4.6.2/avrxmega4\libgcc.a(_divmodhi4.o)
                              src/asf/xmega/boards/bluesat_bcr/bcr_adc.o (__divmodhi4)
c:/program files (x86)/atmel/atmel studio 6.0/extensions/atmel/avrgcc/3.4.0.65/avrtoolchain/bin/../lib/gcc/avr/4.6.2/avrxmega4\libgcc.a(_udivmodsi4.o)
                              src/asf/xmega/drivers/spi/spi.o (__udivmodsi4)
c:/program files (x86)/atmel/atmel studio 6.0/extensions/atmel/avrgcc/3.4.0.65/avrtoolchain/bin/../lib/gcc/avr/4.6.2/avrxmega4\libgcc.a(_exit.o)
                              c:/program files (x86)/atmel/atmel studio 6.0/extensions/atmel/avrgcc/3.4.0.65/avrtoolchain/bin/../lib/gcc/avr/4.6.2/../../../../avr/lib/avrxmega4/crtx64a3.o (exit)
c:/program files (x86)/atmel/atmel studio 6.0/extensions/atmel/avrgcc/3.4.0.65/avrtoolchain/bin/../lib/gcc/avr/4.6.2/avrxmega4\libgcc.a(_copy_data.o)
                              src/asf/xmega/boards/bluesat_bcr/bcr_comms.o (__do_copy_data)
c:/program files (x86)/atmel/atmel studio 6.0/extensions/atmel/avrgcc/3.4.0.65/avrtoolchain/bin/../lib/gcc/avr/4.6.2/avrxmega4\libgcc.a(_clear_bss.o)
                              src/asf/xmega/boards/bluesat_bcr/bcr_comms.o (__do_clear_bss)
c:/program files (x86)/atmel/atmel studio 6.0/extensions/atmel/avrgcc/3.4.0.65/avrtoolchain/bin/../lib/gcc/avr/4.6.2/../../../../avr/lib/avrxmega4\libc.a(memcpy.o)
                              src/asf/xmega/drivers/nvm/nvm.o (memcpy)
c:/program files (x86)/atmel/atmel studio 6.0/extensions/atmel/avrgcc/3.4.0.65/avrtoolchain/bin/../lib/gcc/avr/4.6.2/../../../../avr/lib/avrxmega4\libc.a(sprintf.o)
                              src/asf/xmega/boards/bluesat_bcr/bcr_comms.o (sprintf)
c:/program files (x86)/atmel/atmel studio 6.0/extensions/atmel/avrgcc/3.4.0.65/avrtoolchain/bin/../lib/gcc/avr/4.6.2/../../../../avr/lib/avrxmega4\libc.a(vfprintf_std.o)
                              c:/program files (x86)/atmel/atmel studio 6.0/extensions/atmel/avrgcc/3.4.0.65/avrtoolchain/bin/../lib/gcc/avr/4.6.2/../../../../avr/lib/avrxmega4\libc.a(sprintf.o) (vfprintf)
c:/program files (x86)/atmel/atmel studio 6.0/extensions/atmel/avrgcc/3.4.0.65/avrtoolchain/bin/../lib/gcc/avr/4.6.2/../../../../avr/lib/avrxmega4\libc.a(strnlen_P.o)
                              c:/program files (x86)/atmel/atmel studio 6.0/extensions/atmel/avrgcc/3.4.0.65/avrtoolchain/bin/../lib/gcc/avr/4.6.2/../../../../avr/lib/avrxmega4\libc.a(vfprintf_std.o) (strnlen_P)
c:/program files (x86)/atmel/atmel studio 6.0/extensions/atmel/avrgcc/3.4.0.65/avrtoolchain/bin/../lib/gcc/avr/4.6.2/../../../../avr/lib/avrxmega4\libc.a(strnlen.o)
                              c:/program files (x86)/atmel/atmel studio 6.0/extensions/atmel/avrgcc/3.4.0.65/avrtoolchain/bin/../lib/gcc/avr/4.6.2/../../../../avr/lib/avrxmega4\libc.a(vfprintf_std.o) (strnlen)
c:/program files (x86)/atmel/atmel studio 6.0/extensions/atmel/avrgcc/3.4.0.65/avrtoolchain/bin/../lib/gcc/avr/4.6.2/../../../../avr/lib/avrxmega4\libc.a(fputc.o)
                              c:/program files (x86)/atmel/atmel studio 6.0/extensions/atmel/avrgcc/3.4.0.65/avrtoolchain/bin/../lib/gcc/avr/4.6.2/../../../../avr/lib/avrxmega4\libc.a(vfprintf_std.o) (fputc)
c:/program files (x86)/atmel/atmel studio 6.0/extensions/atmel/avrgcc/3.4.0.65/avrtoolchain/bin/../lib/gcc/avr/4.6.2/../../../../avr/lib/avrxmega4\libc.a(ultoa_invert.o)
                              c:/program files (x86)/atmel/atmel studio 6.0/extensions/atmel/avrgcc/3.4.0.65/avrtoolchain/bin/../lib/gcc/avr/4.6.2/../../../../avr/lib/avrxmega4\libc.a(vfprintf_std.o) (__ultoa_invert)

Allocating common symbols
Common symbol       size              file

adcb_callback       0x2               src/asf/xmega/drivers/adc/adc.o
bcr_dac             0x10              src/asf/xmega/boards/bluesat_bcr/bcr_comms.o
bcr_adc             0x20              src/asf/xmega/boards/bluesat_bcr/bcr_comms.o
sleepmgr_locks      0x6               src/asf/common/services/sleepmgr/xmega/sleepmgr.o
slave               0x19              src/asf/xmega/boards/bluesat_bcr/bcr_comms.o
adca_callback       0x2               src/asf/xmega/drivers/adc/adc.o

Discarded input sections

 .data          0x00000000        0x0 c:/program files (x86)/atmel/atmel studio 6.0/extensions/atmel/avrgcc/3.4.0.65/avrtoolchain/bin/../lib/gcc/avr/4.6.2/../../../../avr/lib/avrxmega4/crtx64a3.o
 .bss           0x00000000        0x0 c:/program files (x86)/atmel/atmel studio 6.0/extensions/atmel/avrgcc/3.4.0.65/avrtoolchain/bin/../lib/gcc/avr/4.6.2/../../../../avr/lib/avrxmega4/crtx64a3.o
 .text          0x00000000        0x0 src/asf/xmega/boards/bluesat_bcr/bcr_comms.o
 .bss           0x00000000        0x0 src/asf/xmega/boards/bluesat_bcr/bcr_comms.o
 .text          0x00000000        0x0 src/asf/xmega/drivers/twi/twis.o
 .data          0x00000000        0x0 src/asf/xmega/drivers/twi/twis.o
 .bss           0x00000000        0x0 src/asf/xmega/drivers/twi/twis.o
 .text          0x00000000        0x0 src/asf/common/services/clock/xmega/sysclk.o
 .data          0x00000000        0x0 src/asf/common/services/clock/xmega/sysclk.o
 .bss           0x00000000        0x0 src/asf/common/services/clock/xmega/sysclk.o
 .text          0x00000000        0x0 src/asf/common/services/ioport/xmega/ioport_compat.o
 .data          0x00000000        0x0 src/asf/common/services/ioport/xmega/ioport_compat.o
 .bss           0x00000000        0x0 src/asf/common/services/ioport/xmega/ioport_compat.o
 .text          0x00000000        0x0 src/asf/common/services/serial/usart_serial.o
 .data          0x00000000        0x0 src/asf/common/services/serial/usart_serial.o
 .bss           0x00000000        0x0 src/asf/common/services/serial/usart_serial.o
 .text.usart_serial_write_packet
                0x00000000       0x38 src/asf/common/services/serial/usart_serial.o
 .text.usart_serial_read_packet
                0x00000000       0x38 src/asf/common/services/serial/usart_serial.o
 .debug_info    0x00000000      0x4ac src/asf/common/services/serial/usart_serial.o
 .debug_abbrev  0x00000000      0x17f src/asf/common/services/serial/usart_serial.o
 .debug_loc     0x00000000      0x282 src/asf/common/services/serial/usart_serial.o
 .debug_aranges
                0x00000000       0x28 src/asf/common/services/serial/usart_serial.o
 .debug_ranges  0x00000000       0x18 src/asf/common/services/serial/usart_serial.o
 .debug_line    0x00000000      0x610 src/asf/common/services/serial/usart_serial.o
 .debug_macinfo
                0x00000000    0x21ccc src/asf/common/services/serial/usart_serial.o
 .debug_str     0x00000000      0x438 src/asf/common/services/serial/usart_serial.o
 .debug_frame   0x00000000       0x74 src/asf/common/services/serial/usart_serial.o
 .text          0x00000000        0x0 src/asf/common/services/sleepmgr/xmega/sleepmgr.o
 .data          0x00000000        0x0 src/asf/common/services/sleepmgr/xmega/sleepmgr.o
 .bss           0x00000000        0x0 src/asf/common/services/sleepmgr/xmega/sleepmgr.o
 .data.sleepmgr_configs
                0x00000000        0xc src/asf/common/services/sleepmgr/xmega/sleepmgr.o
 .text          0x00000000        0x0 src/asf/common/services/spi/xmega_spi/spi_master.o
 .data          0x00000000        0x0 src/asf/common/services/spi/xmega_spi/spi_master.o
 .bss           0x00000000        0x0 src/asf/common/services/spi/xmega_spi/spi_master.o
 .text.spi_read_packet
                0x00000000       0x24 src/asf/common/services/spi/xmega_spi/spi_master.o
 .text          0x00000000        0x0 src/asf/xmega/boards/bluesat_bcr/bcr.o
 .data          0x00000000        0x0 src/asf/xmega/boards/bluesat_bcr/bcr.o
 .bss           0x00000000        0x0 src/asf/xmega/boards/bluesat_bcr/bcr.o
 .text          0x00000000        0x0 src/asf/xmega/boards/bluesat_bcr/bcr_adc.o
 .data          0x00000000        0x0 src/asf/xmega/boards/bluesat_bcr/bcr_adc.o
 .bss           0x00000000        0x0 src/asf/xmega/boards/bluesat_bcr/bcr_adc.o
 .text          0x00000000        0x0 src/asf/xmega/boards/bluesat_bcr/bcr_dac.o
 .data          0x00000000        0x0 src/asf/xmega/boards/bluesat_bcr/bcr_dac.o
 .bss           0x00000000        0x0 src/asf/xmega/boards/bluesat_bcr/bcr_dac.o
 .text          0x00000000        0x0 src/asf/xmega/drivers/adc/adc.o
 .data          0x00000000        0x0 src/asf/xmega/drivers/adc/adc.o
 .bss           0x00000000        0x0 src/asf/xmega/drivers/adc/adc.o
 .text.adc_disable
                0x00000000       0x28 src/asf/xmega/drivers/adc/adc.o
 .text.adc_is_enabled
                0x00000000       0x30 src/asf/xmega/drivers/adc/adc.o
 .text          0x00000000        0x0 src/asf/xmega/drivers/adc/xmega_aau/adc_aau.o
 .data          0x00000000        0x0 src/asf/xmega/drivers/adc/xmega_aau/adc_aau.o
 .bss           0x00000000        0x0 src/asf/xmega/drivers/adc/xmega_aau/adc_aau.o
 .text          0x00000000        0x0 src/asf/xmega/drivers/cpu/ccp.o
 .data          0x00000000        0x0 src/asf/xmega/drivers/cpu/ccp.o
 .bss           0x00000000        0x0 src/asf/xmega/drivers/cpu/ccp.o
 .text          0x00000000        0x0 src/asf/xmega/drivers/nvm/nvm.o
 .data          0x00000000        0x0 src/asf/xmega/drivers/nvm/nvm.o
 .bss           0x00000000        0x0 src/asf/xmega/drivers/nvm/nvm.o
 .text.nvm_read_device_serial
                0x00000000       0x90 src/asf/xmega/drivers/nvm/nvm.o
 .text.nvm_eeprom_read_byte
                0x00000000       0x36 src/asf/xmega/drivers/nvm/nvm.o
 .text.nvm_eeprom_read_buffer
                0x00000000       0x36 src/asf/xmega/drivers/nvm/nvm.o
 .text.nvm_eeprom_flush_buffer
                0x00000000       0x24 src/asf/xmega/drivers/nvm/nvm.o
 .text.nvm_eeprom_write_byte
                0x00000000       0x54 src/asf/xmega/drivers/nvm/nvm.o
 .text.nvm_eeprom_load_byte_to_buffer
                0x00000000       0x20 src/asf/xmega/drivers/nvm/nvm.o
 .text.nvm_eeprom_load_page_to_buffer
                0x00000000       0x50 src/asf/xmega/drivers/nvm/nvm.o
 .text.nvm_eeprom_atomic_write_page
                0x00000000       0x46 src/asf/xmega/drivers/nvm/nvm.o
 .text.nvm_eeprom_erase_and_write_buffer
                0x00000000       0x90 src/asf/xmega/drivers/nvm/nvm.o
 .text.nvm_eeprom_split_write_page
                0x00000000       0x46 src/asf/xmega/drivers/nvm/nvm.o
 .text.nvm_eeprom_fill_buffer_with_value
                0x00000000       0x3e src/asf/xmega/drivers/nvm/nvm.o
 .text.nvm_eeprom_erase_bytes_in_page
                0x00000000       0x46 src/asf/xmega/drivers/nvm/nvm.o
 .text.nvm_eeprom_erase_page
                0x00000000       0x14 src/asf/xmega/drivers/nvm/nvm.o
 .text.nvm_eeprom_erase_bytes_in_all_pages
                0x00000000       0x2e src/asf/xmega/drivers/nvm/nvm.o
 .text.nvm_eeprom_erase_all
                0x00000000        0xc src/asf/xmega/drivers/nvm/nvm.o
 .text.nvm_issue_flash_range_crc
                0x00000000       0x64 src/asf/xmega/drivers/nvm/nvm.o
 .text.nvm_flash_read_buffer
                0x00000000       0x40 src/asf/xmega/drivers/nvm/nvm.o
 .text.nvm_user_sig_read_buffer
                0x00000000       0x3c src/asf/xmega/drivers/nvm/nvm.o
 .text.nvm_user_sig_write_buffer
                0x00000000      0x164 src/asf/xmega/drivers/nvm/nvm.o
 .text.nvm_flash_erase_and_write_buffer
                0x00000000      0x17c src/asf/xmega/drivers/nvm/nvm.o
 .text.nvm_fuses_read
                0x00000000       0x32 src/asf/xmega/drivers/nvm/nvm.o
 .debug_info    0x00000000      0xf22 src/asf/xmega/drivers/nvm/nvm.o
 .debug_abbrev  0x00000000      0x388 src/asf/xmega/drivers/nvm/nvm.o
 .debug_loc     0x00000000      0xf99 src/asf/xmega/drivers/nvm/nvm.o
 .debug_aranges
                0x00000000       0xc0 src/asf/xmega/drivers/nvm/nvm.o
 .debug_ranges  0x00000000       0xc8 src/asf/xmega/drivers/nvm/nvm.o
 .debug_line    0x00000000      0x85a src/asf/xmega/drivers/nvm/nvm.o
 .debug_macinfo
                0x00000000    0x20d26 src/asf/xmega/drivers/nvm/nvm.o
 .debug_str     0x00000000      0x9eb src/asf/xmega/drivers/nvm/nvm.o
 .debug_frame   0x00000000      0x344 src/asf/xmega/drivers/nvm/nvm.o
 .text          0x00000000        0x0 src/asf/xmega/drivers/nvm/nvm_asm.o
 .data          0x00000000        0x0 src/asf/xmega/drivers/nvm/nvm_asm.o
 .bss           0x00000000        0x0 src/asf/xmega/drivers/nvm/nvm_asm.o
 .BOOT          0x00000000       0x44 src/asf/xmega/drivers/nvm/nvm_asm.o
 .text          0x00000000        0x0 src/asf/xmega/drivers/spi/spi.o
 .data          0x00000000        0x0 src/asf/xmega/drivers/spi/spi.o
 .bss           0x00000000        0x0 src/asf/xmega/drivers/spi/spi.o
 .text          0x00000000        0x0 src/asf/xmega/drivers/usart/usart.o
 .data          0x00000000        0x0 src/asf/xmega/drivers/usart/usart.o
 .bss           0x00000000        0x0 src/asf/xmega/drivers/usart/usart.o
 .text.usart_getchar
                0x00000000        0xc src/asf/xmega/drivers/usart/usart.o
 .text.usart_set_bsel_bscale_value
                0x00000000       0x10 src/asf/xmega/drivers/usart/usart.o
 .text.usart_set_baudrate_precalculated
                0x00000000      0x10e src/asf/xmega/drivers/usart/usart.o
 .text.usart_spi_set_baudrate
                0x00000000       0x64 src/asf/xmega/drivers/usart/usart.o
 .text.usart_init_spi
                0x00000000      0x1c2 src/asf/xmega/drivers/usart/usart.o
 .progmem.data  0x00000000       0x1c src/asf/xmega/drivers/usart/usart.o
 .text          0x00000000        0x0 src/mppt.o
 .data          0x00000000        0x0 src/mppt.o
 .bss           0x00000000        0x0 src/mppt.o
 .text.mppt_get_powers
                0x00000000      0x132 src/mppt.o
 .text.mppt_cycle
                0x00000000       0x60 src/mppt.o
 .debug_info    0x00000000      0x55d src/mppt.o
 .debug_abbrev  0x00000000      0x1b4 src/mppt.o
 .debug_loc     0x00000000       0xd6 src/mppt.o
 .debug_aranges
                0x00000000       0x28 src/mppt.o
 .debug_ranges  0x00000000       0x18 src/mppt.o
 .debug_line    0x00000000      0x970 src/mppt.o
 .debug_macinfo
                0x00000000    0x23510 src/mppt.o
 .debug_str     0x00000000      0x640 src/mppt.o
 .debug_frame   0x00000000       0x58 src/mppt.o
 .text          0x00000000        0x0 src/main.o
 .bss           0x00000000        0x0 src/main.o
 .text          0x00000000        0x0 c:/program files (x86)/atmel/atmel studio 6.0/extensions/atmel/avrgcc/3.4.0.65/avrtoolchain/bin/../lib/gcc/avr/4.6.2/avrxmega4\libgcc.a(_udivmodhi4.o)
 .data          0x00000000        0x0 c:/program files (x86)/atmel/atmel studio 6.0/extensions/atmel/avrgcc/3.4.0.65/avrtoolchain/bin/../lib/gcc/avr/4.6.2/avrxmega4\libgcc.a(_udivmodhi4.o)
 .bss           0x00000000        0x0 c:/program files (x86)/atmel/atmel studio 6.0/extensions/atmel/avrgcc/3.4.0.65/avrtoolchain/bin/../lib/gcc/avr/4.6.2/avrxmega4\libgcc.a(_udivmodhi4.o)
 .text          0x00000000        0x0 c:/program files (x86)/atmel/atmel studio 6.0/extensions/atmel/avrgcc/3.4.0.65/avrtoolchain/bin/../lib/gcc/avr/4.6.2/avrxmega4\libgcc.a(_divmodhi4.o)
 .data          0x00000000        0x0 c:/program files (x86)/atmel/atmel studio 6.0/extensions/atmel/avrgcc/3.4.0.65/avrtoolchain/bin/../lib/gcc/avr/4.6.2/avrxmega4\libgcc.a(_divmodhi4.o)
 .bss           0x00000000        0x0 c:/program files (x86)/atmel/atmel studio 6.0/extensions/atmel/avrgcc/3.4.0.65/avrtoolchain/bin/../lib/gcc/avr/4.6.2/avrxmega4\libgcc.a(_divmodhi4.o)
 .text          0x00000000        0x0 c:/program files (x86)/atmel/atmel studio 6.0/extensions/atmel/avrgcc/3.4.0.65/avrtoolchain/bin/../lib/gcc/avr/4.6.2/avrxmega4\libgcc.a(_udivmodsi4.o)
 .data          0x00000000        0x0 c:/program files (x86)/atmel/atmel studio 6.0/extensions/atmel/avrgcc/3.4.0.65/avrtoolchain/bin/../lib/gcc/avr/4.6.2/avrxmega4\libgcc.a(_udivmodsi4.o)
 .bss           0x00000000        0x0 c:/program files (x86)/atmel/atmel studio 6.0/extensions/atmel/avrgcc/3.4.0.65/avrtoolchain/bin/../lib/gcc/avr/4.6.2/avrxmega4\libgcc.a(_udivmodsi4.o)
 .text          0x00000000        0x0 c:/program files (x86)/atmel/atmel studio 6.0/extensions/atmel/avrgcc/3.4.0.65/avrtoolchain/bin/../lib/gcc/avr/4.6.2/avrxmega4\libgcc.a(_exit.o)
 .data          0x00000000        0x0 c:/program files (x86)/atmel/atmel studio 6.0/extensions/atmel/avrgcc/3.4.0.65/avrtoolchain/bin/../lib/gcc/avr/4.6.2/avrxmega4\libgcc.a(_exit.o)
 .bss           0x00000000        0x0 c:/program files (x86)/atmel/atmel studio 6.0/extensions/atmel/avrgcc/3.4.0.65/avrtoolchain/bin/../lib/gcc/avr/4.6.2/avrxmega4\libgcc.a(_exit.o)
 .text.libgcc   0x00000000        0x0 c:/program files (x86)/atmel/atmel studio 6.0/extensions/atmel/avrgcc/3.4.0.65/avrtoolchain/bin/../lib/gcc/avr/4.6.2/avrxmega4\libgcc.a(_exit.o)
 .text          0x00000000        0x0 c:/program files (x86)/atmel/atmel studio 6.0/extensions/atmel/avrgcc/3.4.0.65/avrtoolchain/bin/../lib/gcc/avr/4.6.2/avrxmega4\libgcc.a(_copy_data.o)
 .data          0x00000000        0x0 c:/program files (x86)/atmel/atmel studio 6.0/extensions/atmel/avrgcc/3.4.0.65/avrtoolchain/bin/../lib/gcc/avr/4.6.2/avrxmega4\libgcc.a(_copy_data.o)
 .bss           0x00000000        0x0 c:/program files (x86)/atmel/atmel studio 6.0/extensions/atmel/avrgcc/3.4.0.65/avrtoolchain/bin/../lib/gcc/avr/4.6.2/avrxmega4\libgcc.a(_copy_data.o)
 .text.libgcc   0x00000000        0x0 c:/program files (x86)/atmel/atmel studio 6.0/extensions/atmel/avrgcc/3.4.0.65/avrtoolchain/bin/../lib/gcc/avr/4.6.2/avrxmega4\libgcc.a(_copy_data.o)
 .text          0x00000000        0x0 c:/program files (x86)/atmel/atmel studio 6.0/extensions/atmel/avrgcc/3.4.0.65/avrtoolchain/bin/../lib/gcc/avr/4.6.2/avrxmega4\libgcc.a(_clear_bss.o)
 .data          0x00000000        0x0 c:/program files (x86)/atmel/atmel studio 6.0/extensions/atmel/avrgcc/3.4.0.65/avrtoolchain/bin/../lib/gcc/avr/4.6.2/avrxmega4\libgcc.a(_clear_bss.o)
 .bss           0x00000000        0x0 c:/program files (x86)/atmel/atmel studio 6.0/extensions/atmel/avrgcc/3.4.0.65/avrtoolchain/bin/../lib/gcc/avr/4.6.2/avrxmega4\libgcc.a(_clear_bss.o)
 .text.libgcc   0x00000000        0x0 c:/program files (x86)/atmel/atmel studio 6.0/extensions/atmel/avrgcc/3.4.0.65/avrtoolchain/bin/../lib/gcc/avr/4.6.2/avrxmega4\libgcc.a(_clear_bss.o)
 .text          0x00000000        0x0 c:/program files (x86)/atmel/atmel studio 6.0/extensions/atmel/avrgcc/3.4.0.65/avrtoolchain/bin/../lib/gcc/avr/4.6.2/../../../../avr/lib/avrxmega4\libc.a(memcpy.o)
 .data          0x00000000        0x0 c:/program files (x86)/atmel/atmel studio 6.0/extensions/atmel/avrgcc/3.4.0.65/avrtoolchain/bin/../lib/gcc/avr/4.6.2/../../../../avr/lib/avrxmega4\libc.a(memcpy.o)
 .bss           0x00000000        0x0 c:/program files (x86)/atmel/atmel studio 6.0/extensions/atmel/avrgcc/3.4.0.65/avrtoolchain/bin/../lib/gcc/avr/4.6.2/../../../../avr/lib/avrxmega4\libc.a(memcpy.o)
 .stab          0x00000000       0x84 c:/program files (x86)/atmel/atmel studio 6.0/extensions/atmel/avrgcc/3.4.0.65/avrtoolchain/bin/../lib/gcc/avr/4.6.2/../../../../avr/lib/avrxmega4\libc.a(memcpy.o)
                                 0x90 (size before relaxing)
 .text.avr-libc
                0x00000000       0x12 c:/program files (x86)/atmel/atmel studio 6.0/extensions/atmel/avrgcc/3.4.0.65/avrtoolchain/bin/../lib/gcc/avr/4.6.2/../../../../avr/lib/avrxmega4\libc.a(memcpy.o)
 .text          0x00000000        0x0 c:/program files (x86)/atmel/atmel studio 6.0/extensions/atmel/avrgcc/3.4.0.65/avrtoolchain/bin/../lib/gcc/avr/4.6.2/../../../../avr/lib/avrxmega4\libc.a(sprintf.o)
 .data          0x00000000        0x0 c:/program files (x86)/atmel/atmel studio 6.0/extensions/atmel/avrgcc/3.4.0.65/avrtoolchain/bin/../lib/gcc/avr/4.6.2/../../../../avr/lib/avrxmega4\libc.a(sprintf.o)
 .bss           0x00000000        0x0 c:/program files (x86)/atmel/atmel studio 6.0/extensions/atmel/avrgcc/3.4.0.65/avrtoolchain/bin/../lib/gcc/avr/4.6.2/../../../../avr/lib/avrxmega4\libc.a(sprintf.o)
 .text          0x00000000        0x0 c:/program files (x86)/atmel/atmel studio 6.0/extensions/atmel/avrgcc/3.4.0.65/avrtoolchain/bin/../lib/gcc/avr/4.6.2/../../../../avr/lib/avrxmega4\libc.a(vfprintf_std.o)
 .data          0x00000000        0x0 c:/program files (x86)/atmel/atmel studio 6.0/extensions/atmel/avrgcc/3.4.0.65/avrtoolchain/bin/../lib/gcc/avr/4.6.2/../../../../avr/lib/avrxmega4\libc.a(vfprintf_std.o)
 .bss           0x00000000        0x0 c:/program files (x86)/atmel/atmel studio 6.0/extensions/atmel/avrgcc/3.4.0.65/avrtoolchain/bin/../lib/gcc/avr/4.6.2/../../../../avr/lib/avrxmega4\libc.a(vfprintf_std.o)
 .text          0x00000000        0x0 c:/program files (x86)/atmel/atmel studio 6.0/extensions/atmel/avrgcc/3.4.0.65/avrtoolchain/bin/../lib/gcc/avr/4.6.2/../../../../avr/lib/avrxmega4\libc.a(strnlen_P.o)
 .data          0x00000000        0x0 c:/program files (x86)/atmel/atmel studio 6.0/extensions/atmel/avrgcc/3.4.0.65/avrtoolchain/bin/../lib/gcc/avr/4.6.2/../../../../avr/lib/avrxmega4\libc.a(strnlen_P.o)
 .bss           0x00000000        0x0 c:/program files (x86)/atmel/atmel studio 6.0/extensions/atmel/avrgcc/3.4.0.65/avrtoolchain/bin/../lib/gcc/avr/4.6.2/../../../../avr/lib/avrxmega4\libc.a(strnlen_P.o)
 .text          0x00000000        0x0 c:/program files (x86)/atmel/atmel studio 6.0/extensions/atmel/avrgcc/3.4.0.65/avrtoolchain/bin/../lib/gcc/avr/4.6.2/../../../../avr/lib/avrxmega4\libc.a(strnlen.o)
 .data          0x00000000        0x0 c:/program files (x86)/atmel/atmel studio 6.0/extensions/atmel/avrgcc/3.4.0.65/avrtoolchain/bin/../lib/gcc/avr/4.6.2/../../../../avr/lib/avrxmega4\libc.a(strnlen.o)
 .bss           0x00000000        0x0 c:/program files (x86)/atmel/atmel studio 6.0/extensions/atmel/avrgcc/3.4.0.65/avrtoolchain/bin/../lib/gcc/avr/4.6.2/../../../../avr/lib/avrxmega4\libc.a(strnlen.o)
 .text          0x00000000        0x0 c:/program files (x86)/atmel/atmel studio 6.0/extensions/atmel/avrgcc/3.4.0.65/avrtoolchain/bin/../lib/gcc/avr/4.6.2/../../../../avr/lib/avrxmega4\libc.a(fputc.o)
 .data          0x00000000        0x0 c:/program files (x86)/atmel/atmel studio 6.0/extensions/atmel/avrgcc/3.4.0.65/avrtoolchain/bin/../lib/gcc/avr/4.6.2/../../../../avr/lib/avrxmega4\libc.a(fputc.o)
 .bss           0x00000000        0x0 c:/program files (x86)/atmel/atmel studio 6.0/extensions/atmel/avrgcc/3.4.0.65/avrtoolchain/bin/../lib/gcc/avr/4.6.2/../../../../avr/lib/avrxmega4\libc.a(fputc.o)
 .text          0x00000000        0x0 c:/program files (x86)/atmel/atmel studio 6.0/extensions/atmel/avrgcc/3.4.0.65/avrtoolchain/bin/../lib/gcc/avr/4.6.2/../../../../avr/lib/avrxmega4\libc.a(ultoa_invert.o)
 .data          0x00000000        0x0 c:/program files (x86)/atmel/atmel studio 6.0/extensions/atmel/avrgcc/3.4.0.65/avrtoolchain/bin/../lib/gcc/avr/4.6.2/../../../../avr/lib/avrxmega4\libc.a(ultoa_invert.o)
 .bss           0x00000000        0x0 c:/program files (x86)/atmel/atmel studio 6.0/extensions/atmel/avrgcc/3.4.0.65/avrtoolchain/bin/../lib/gcc/avr/4.6.2/../../../../avr/lib/avrxmega4\libc.a(ultoa_invert.o)

Memory Configuration

Name             Origin             Length             Attributes
text             0x00000000         0x00100000         xr
data             0x00802000         0x0000ffa0         rw !x
eeprom           0x00810000         0x00010000         rw !x
fuse             0x00820000         0x00000400         rw !x
lock             0x00830000         0x00000400         rw !x
signature        0x00840000         0x00000400         rw !x
*default*        0x00000000         0xffffffff

Linker script and memory map

LOAD c:/program files (x86)/atmel/atmel studio 6.0/extensions/atmel/avrgcc/3.4.0.65/avrtoolchain/bin/../lib/gcc/avr/4.6.2/../../../../avr/lib/avrxmega4/crtx64a3.o
LOAD src/asf/xmega/boards/bluesat_bcr/bcr_comms.o
LOAD src/asf/xmega/drivers/twi/twis.o
LOAD src/asf/common/services/clock/xmega/sysclk.o
LOAD src/asf/common/services/ioport/xmega/ioport_compat.o
LOAD src/asf/common/services/serial/usart_serial.o
LOAD src/asf/common/services/sleepmgr/xmega/sleepmgr.o
LOAD src/asf/common/services/spi/xmega_spi/spi_master.o
LOAD src/asf/xmega/boards/bluesat_bcr/bcr.o
LOAD src/asf/xmega/boards/bluesat_bcr/bcr_adc.o
LOAD src/asf/xmega/boards/bluesat_bcr/bcr_dac.o
LOAD src/asf/xmega/drivers/adc/adc.o
LOAD src/asf/xmega/drivers/adc/xmega_aau/adc_aau.o
LOAD src/asf/xmega/drivers/cpu/ccp.o
LOAD src/asf/xmega/drivers/nvm/nvm.o
LOAD src/asf/xmega/drivers/nvm/nvm_asm.o
LOAD src/asf/xmega/drivers/spi/spi.o
LOAD src/asf/xmega/drivers/usart/usart.o
LOAD src/mppt.o
LOAD src/main.o
START GROUP
END GROUP
Address of section .BOOT set to 0x10000
LOAD c:/program files (x86)/atmel/atmel studio 6.0/extensions/atmel/avrgcc/3.4.0.65/avrtoolchain/bin/../lib/gcc/avr/4.6.2/avrxmega4\libgcc.a
LOAD c:/program files (x86)/atmel/atmel studio 6.0/extensions/atmel/avrgcc/3.4.0.65/avrtoolchain/bin/../lib/gcc/avr/4.6.2/../../../../avr/lib/avrxmega4\libc.a
LOAD c:/program files (x86)/atmel/atmel studio 6.0/extensions/atmel/avrgcc/3.4.0.65/avrtoolchain/bin/../lib/gcc/avr/4.6.2/avrxmega4\libgcc.a

.hash
 *(.hash)

.dynsym
 *(.dynsym)

.dynstr
 *(.dynstr)

.gnu.version
 *(.gnu.version)

.gnu.version_d
 *(.gnu.version_d)

.gnu.version_r
 *(.gnu.version_r)

.rel.init
 *(.rel.init)

.rela.init
 *(.rela.init)

.rel.text
 *(.rel.text)
 *(.rel.text.*)
 *(.rel.gnu.linkonce.t*)

.rela.text
 *(.rela.text)
 *(.rela.text.*)
 *(.rela.gnu.linkonce.t*)

.rel.fini
 *(.rel.fini)

.rela.fini
 *(.rela.fini)

.rel.rodata
 *(.rel.rodata)
 *(.rel.rodata.*)
 *(.rel.gnu.linkonce.r*)

.rela.rodata
 *(.rela.rodata)
 *(.rela.rodata.*)
 *(.rela.gnu.linkonce.r*)

.rel.data
 *(.rel.data)
 *(.rel.data.*)
 *(.rel.gnu.linkonce.d*)

.rela.data
 *(.rela.data)
 *(.rela.data.*)
 *(.rela.gnu.linkonce.d*)

.rel.ctors
 *(.rel.ctors)

.rela.ctors
 *(.rela.ctors)

.rel.dtors
 *(.rel.dtors)

.rela.dtors
 *(.rela.dtors)

.rel.got
 *(.rel.got)

.rela.got
 *(.rela.got)

.rel.bss
 *(.rel.bss)

.rela.bss
 *(.rela.bss)

.rel.plt
 *(.rel.plt)

.rela.plt
 *(.rela.plt)

.text           0x00000000     0x1fd0
 *(.vectors)
 .vectors       0x00000000      0x1e8 c:/program files (x86)/atmel/atmel studio 6.0/extensions/atmel/avrgcc/3.4.0.65/avrtoolchain/bin/../lib/gcc/avr/4.6.2/../../../../avr/lib/avrxmega4/crtx64a3.o
                0x00000000                __vector_default
                0x00000000                __vectors
 *(.vectors)
 *(.progmem.gcc*)
 *(.progmem*)
                0x000001e8                . = ALIGN (0x2)
                0x000001e8                __trampolines_start = .
 *(.trampolines)
 .trampolines   0x000001e8        0x0 linker stubs
 *(.trampolines*)
                0x000001e8                __trampolines_end = .
 *(.jumptables)
 *(.jumptables*)
 *(.lowtext)
 *(.lowtext*)
                0x000001e8                __ctors_start = .
 *(.ctors)
                0x000001e8                __ctors_end = .
                0x000001e8                __dtors_start = .
 *(.dtors)
                0x000001e8                __dtors_end = .
 SORT(*)(.ctors)
 SORT(*)(.dtors)
 *(.init0)
 .init0         0x000001e8        0x0 c:/program files (x86)/atmel/atmel studio 6.0/extensions/atmel/avrgcc/3.4.0.65/avrtoolchain/bin/../lib/gcc/avr/4.6.2/../../../../avr/lib/avrxmega4/crtx64a3.o
                0x000001e8                __init
 *(.init0)
 *(.init1)
 *(.init1)
 *(.init2)
 .init2         0x000001e8        0xc c:/program files (x86)/atmel/atmel studio 6.0/extensions/atmel/avrgcc/3.4.0.65/avrtoolchain/bin/../lib/gcc/avr/4.6.2/../../../../avr/lib/avrxmega4/crtx64a3.o
 *(.init2)
 *(.init3)
 *(.init3)
 *(.init4)
 .init4         0x000001f4       0x1a c:/program files (x86)/atmel/atmel studio 6.0/extensions/atmel/avrgcc/3.4.0.65/avrtoolchain/bin/../lib/gcc/avr/4.6.2/avrxmega4\libgcc.a(_copy_data.o)
                0x000001f4                __do_copy_data
 .init4         0x0000020e       0x10 c:/program files (x86)/atmel/atmel studio 6.0/extensions/atmel/avrgcc/3.4.0.65/avrtoolchain/bin/../lib/gcc/avr/4.6.2/avrxmega4\libgcc.a(_clear_bss.o)
                0x0000020e                __do_clear_bss
 *(.init4)
 *(.init5)
 *(.init5)
 *(.init6)
 *(.init6)
 *(.init7)
 *(.init7)
 *(.init8)
 *(.init8)
 *(.init9)
 .init9         0x0000021e        0x8 c:/program files (x86)/atmel/atmel studio 6.0/extensions/atmel/avrgcc/3.4.0.65/avrtoolchain/bin/../lib/gcc/avr/4.6.2/../../../../avr/lib/avrxmega4/crtx64a3.o
 *(.init9)
 *(.text)
 .text          0x00000226        0x2 c:/program files (x86)/atmel/atmel studio 6.0/extensions/atmel/avrgcc/3.4.0.65/avrtoolchain/bin/../lib/gcc/avr/4.6.2/../../../../avr/lib/avrxmega4/crtx64a3.o
                0x00000226                __vector_38
                0x00000226                __vector_104
                0x00000226                __vector_22
                0x00000226                __vector_63
                0x00000226                __vector_28
                0x00000226                __vector_67
                0x00000226                __vector_1
                0x00000226                __vector_119
                0x00000226                __vector_32
                0x00000226                __vector_75
                0x00000226                __vector_91
                0x00000226                __vector_34
                0x00000226                __vector_62
                0x00000226                __vector_77
                0x00000226                __vector_102
                0x00000226                __vector_24
                0x00000226                __vector_55
                0x00000226                __vector_69
                0x00000226                __vector_81
                0x00000226                __vector_90
                0x00000226                __vector_46
                0x00000226                __bad_interrupt
                0x00000226                __vector_114
                0x00000226                __vector_6
                0x00000226                __vector_110
                0x00000226                __vector_31
                0x00000226                __vector_92
                0x00000226                __vector_35
                0x00000226                __vector_78
                0x00000226                __vector_117
                0x00000226                __vector_107
                0x00000226                __vector_3
                0x00000226                __vector_105
                0x00000226                __vector_98
                0x00000226                __vector_23
                0x00000226                __vector_68
                0x00000226                __vector_30
                0x00000226                __vector_45
                0x00000226                __vector_25
                0x00000226                __vector_93
                0x00000226                __vector_61
                0x00000226                __vector_11
                0x00000226                __vector_54
                0x00000226                __vector_99
                0x00000226                __vector_13
                0x00000226                __vector_17
                0x00000226                __vector_19
                0x00000226                __vector_56
                0x00000226                __vector_7
                0x00000226                __vector_49
                0x00000226                __vector_86
                0x00000226                __vector_100
                0x00000226                __vector_101
                0x00000226                __vector_64
                0x00000226                __vector_88
                0x00000226                __vector_109
                0x00000226                __vector_43
                0x00000226                __vector_27
                0x00000226                __vector_5
                0x00000226                __vector_113
                0x00000226                __vector_33
                0x00000226                __vector_76
                0x00000226                __vector_115
                0x00000226                __vector_47
                0x00000226                __vector_52
                0x00000226                __vector_37
                0x00000226                __vector_95
                0x00000226                __vector_103
                0x00000226                __vector_96
                0x00000226                __vector_89
                0x00000226                __vector_108
                0x00000226                __vector_4
                0x00000226                __vector_44
                0x00000226                __vector_82
                0x00000226                __vector_106
                0x00000226                __vector_118
                0x00000226                __vector_51
                0x00000226                __vector_9
                0x00000226                __vector_2
                0x00000226                __vector_21
                0x00000226                __vector_15
                0x00000226                __vector_66
                0x00000226                __vector_36
                0x00000226                __vector_79
                0x00000226                __vector_58
                0x00000226                __vector_70
                0x00000226                __vector_83
                0x00000226                __vector_29
                0x00000226                __vector_60
                0x00000226                __vector_121
                0x00000226                __vector_85
                0x00000226                __vector_94
                0x00000226                __vector_8
                0x00000226                __vector_26
                0x00000226                __vector_48
                0x00000226                __vector_116
                0x00000226                __vector_112
                0x00000226                __vector_111
                0x00000226                __vector_80
                0x00000226                __vector_14
                0x00000226                __vector_84
                0x00000226                __vector_57
                0x00000226                __vector_53
                0x00000226                __vector_10
                0x00000226                __vector_50
                0x00000226                __vector_16
                0x00000226                __vector_59
                0x00000226                __vector_18
                0x00000226                __vector_97
                0x00000226                __vector_20
                0x00000226                __vector_87
                0x00000226                __vector_65
                0x00000226                __vector_120
                0x00000228                . = ALIGN (0x2)
 *(.text.*)
 .text.slave_process
                0x00000228       0xf8 src/asf/xmega/boards/bluesat_bcr/bcr_comms.o
 .text.__vector_12
                0x00000320       0x52 src/asf/xmega/boards/bluesat_bcr/bcr_comms.o
                0x00000320                __vector_12
 .text.i2c_init
                0x00000372       0x34 src/asf/xmega/boards/bluesat_bcr/bcr_comms.o
                0x00000372                i2c_init
 .text.TWI_SlaveInitializeDriver
                0x000003a6       0x16 src/asf/xmega/drivers/twi/twis.o
                0x000003a6                TWI_SlaveInitializeDriver
 .text.TWI_SlaveInitializeModule
                0x000003bc       0x1a src/asf/xmega/drivers/twi/twis.o
                0x000003bc                TWI_SlaveInitializeModule
 .text.TWI_SlaveTransactionFinished
                0x000003d6        0x8 src/asf/xmega/drivers/twi/twis.o
                0x000003d6                TWI_SlaveTransactionFinished
 .text.TWI_SlaveWriteHandler
                0x000003de       0x60 src/asf/xmega/drivers/twi/twis.o
                0x000003de                TWI_SlaveWriteHandler
 .text.TWI_SlaveReadHandler
                0x0000043e       0x68 src/asf/xmega/drivers/twi/twis.o
                0x0000043e                TWI_SlaveReadHandler
 .text.TWI_SlaveDataHandler
                0x000004a6       0x12 src/asf/xmega/drivers/twi/twis.o
                0x000004a6                TWI_SlaveDataHandler
 .text.TWI_SlaveStopHandler
                0x000004b8       0x1c src/asf/xmega/drivers/twi/twis.o
                0x000004b8                TWI_SlaveStopHandler
 .text.TWI_SlaveAddressMatchHandler
                0x000004d4       0x40 src/asf/xmega/drivers/twi/twis.o
                0x000004d4                TWI_SlaveAddressMatchHandler
 .text.TWI_SlaveInterruptHandler
                0x00000514       0x56 src/asf/xmega/drivers/twi/twis.o
                0x00000514                TWI_SlaveInterruptHandler
 .text.sysclk_init
                0x0000056a       0x52 src/asf/common/services/clock/xmega/sysclk.o
                0x0000056a                sysclk_init
 .text.sysclk_enable_module
                0x000005bc       0x16 src/asf/common/services/clock/xmega/sysclk.o
                0x000005bc                sysclk_enable_module
 .text.sysclk_disable_module
                0x000005d2       0x14 src/asf/common/services/clock/xmega/sysclk.o
                0x000005d2                sysclk_disable_module
 .text.ioport_configure_port_pin
                0x000005e6       0x4a src/asf/common/services/ioport/xmega/ioport_compat.o
                0x000005e6                ioport_configure_port_pin
 .text.spi_master_init
                0x00000630       0x58 src/asf/common/services/spi/xmega_spi/spi_master.o
                0x00000630                spi_master_init
 .text.spi_master_setup_device
                0x00000688       0x36 src/asf/common/services/spi/xmega_spi/spi_master.o
                0x00000688                spi_master_setup_device
 .text.spi_write_packet
                0x000006be       0x22 src/asf/common/services/spi/xmega_spi/spi_master.o
                0x000006be                spi_write_packet
 .text.spi_select_device
                0x000006e0       0x36 src/asf/common/services/spi/xmega_spi/spi_master.o
                0x000006e0                spi_select_device
 .text.spi_deselect_device
                0x00000716       0x36 src/asf/common/services/spi/xmega_spi/spi_master.o
                0x00000716                spi_deselect_device
 .text.bcr_init
                0x0000074c       0xfe src/asf/xmega/boards/bluesat_bcr/bcr.o
                0x0000074c                bcr_init
 .text.adc_setup
                0x0000084a       0x78 src/asf/xmega/boards/bluesat_bcr/bcr_adc.o
 .text.adc_handler
                0x000008c2       0xbc src/asf/xmega/boards/bluesat_bcr/bcr_adc.o
 .text.bcr_adc_init
                0x0000097e       0x64 src/asf/xmega/boards/bluesat_bcr/bcr_adc.o
                0x0000097e                bcr_adc_init
 .text.bcr_dac_init
                0x000009e2       0x74 src/asf/xmega/boards/bluesat_bcr/bcr_dac.o
                0x000009e2                bcr_dac_init
 .text.bcr_dac_update
                0x00000a56       0x96 src/asf/xmega/boards/bluesat_bcr/bcr_dac.o
                0x00000a56                bcr_dac_update
 .text.adc_set_callback
                0x00000aec       0x2a src/asf/xmega/drivers/adc/adc.o
                0x00000aec                adc_set_callback
 .text.adc_enable_clock
                0x00000b16       0x42 src/asf/xmega/drivers/adc/adc.o
                0x00000b16                adc_enable_clock
 .text.adc_disable_clock
                0x00000b58       0x3e src/asf/xmega/drivers/adc/adc.o
                0x00000b58                adc_disable_clock
 .text.adc_enable
                0x00000b96       0x2e src/asf/xmega/drivers/adc/adc.o
                0x00000b96                adc_enable
 .text.__vector_71
                0x00000bc4       0x64 src/asf/xmega/drivers/adc/xmega_aau/adc_aau.o
                0x00000bc4                __vector_71
 .text.__vector_72
                0x00000c28       0x64 src/asf/xmega/drivers/adc/xmega_aau/adc_aau.o
                0x00000c28                __vector_72
 .text.__vector_73
                0x00000c8c       0x64 src/asf/xmega/drivers/adc/xmega_aau/adc_aau.o
                0x00000c8c                __vector_73
 .text.__vector_74
                0x00000cf0       0x64 src/asf/xmega/drivers/adc/xmega_aau/adc_aau.o
                0x00000cf0                __vector_74
 .text.__vector_39
                0x00000d54       0x64 src/asf/xmega/drivers/adc/xmega_aau/adc_aau.o
                0x00000d54                __vector_39
 .text.__vector_40
                0x00000db8       0x64 src/asf/xmega/drivers/adc/xmega_aau/adc_aau.o
                0x00000db8                __vector_40
 .text.__vector_41
                0x00000e1c       0x64 src/asf/xmega/drivers/adc/xmega_aau/adc_aau.o
                0x00000e1c                __vector_41
 .text.__vector_42
                0x00000e80       0x64 src/asf/xmega/drivers/adc/xmega_aau/adc_aau.o
                0x00000e80                __vector_42
 .text.adc_write_configuration
                0x00000ee4       0xc4 src/asf/xmega/drivers/adc/xmega_aau/adc_aau.o
                0x00000ee4                adc_write_configuration
 .text.adc_read_configuration
                0x00000fa8       0x46 src/asf/xmega/drivers/adc/xmega_aau/adc_aau.o
                0x00000fa8                adc_read_configuration
 .text.adcch_write_configuration
                0x00000fee       0x6e src/asf/xmega/drivers/adc/xmega_aau/adc_aau.o
                0x00000fee                adcch_write_configuration
 .text.adcch_read_configuration
                0x0000105c       0x6e src/asf/xmega/drivers/adc/xmega_aau/adc_aau.o
                0x0000105c                adcch_read_configuration
 .text.ccp_write_io
                0x000010ca        0xc src/asf/xmega/drivers/cpu/ccp.o
                0x000010ca                ccp_write_io
 .text.nvm_read_byte
                0x000010d6       0x14 src/asf/xmega/drivers/nvm/nvm_asm.o
                0x000010d6                nvm_read_byte
 .text.spi_xmega_set_baud_div
                0x000010ea       0x92 src/asf/xmega/drivers/spi/spi.o
                0x000010ea                spi_xmega_set_baud_div
 .text.usart_putchar
                0x0000117c       0x10 src/asf/xmega/drivers/usart/usart.o
                0x0000117c                usart_putchar
 .text.usart_set_baudrate
                0x0000118c      0x238 src/asf/xmega/drivers/usart/usart.o
                0x0000118c                usart_set_baudrate
 .text.usart_init_rs232
                0x000013c4       0xe4 src/asf/xmega/drivers/usart/usart.o
                0x000013c4                usart_init_rs232
 .text.usart_serial_write_string
                0x000014a8       0x2c src/main.o
                0x000014a8                usart_serial_write_string
 .text.print_adc
                0x000014d4      0x49c src/main.o
                0x000014d4                print_adc
 .text.main     0x00001970       0x52 src/main.o
                0x00001970                main
 .text.libgcc   0x000019c2       0x28 c:/program files (x86)/atmel/atmel studio 6.0/extensions/atmel/avrgcc/3.4.0.65/avrtoolchain/bin/../lib/gcc/avr/4.6.2/avrxmega4\libgcc.a(_udivmodhi4.o)
                0x000019c2                __udivmodhi4
 .text.libgcc   0x000019ea       0x26 c:/program files (x86)/atmel/atmel studio 6.0/extensions/atmel/avrgcc/3.4.0.65/avrtoolchain/bin/../lib/gcc/avr/4.6.2/avrxmega4\libgcc.a(_divmodhi4.o)
                0x000019ea                _div
                0x000019ea                __divmodhi4
 .text.libgcc   0x00001a10       0x44 c:/program files (x86)/atmel/atmel studio 6.0/extensions/atmel/avrgcc/3.4.0.65/avrtoolchain/bin/../lib/gcc/avr/4.6.2/avrxmega4\libgcc.a(_udivmodsi4.o)
                0x00001a10                __udivmodsi4
 .text.avr-libc
                0x00001a54       0x50 c:/program files (x86)/atmel/atmel studio 6.0/extensions/atmel/avrgcc/3.4.0.65/avrtoolchain/bin/../lib/gcc/avr/4.6.2/../../../../avr/lib/avrxmega4\libc.a(sprintf.o)
                0x00001a54                sprintf
 .text.avr-libc
                0x00001aa4      0x3e8 c:/program files (x86)/atmel/atmel studio 6.0/extensions/atmel/avrgcc/3.4.0.65/avrtoolchain/bin/../lib/gcc/avr/4.6.2/../../../../avr/lib/avrxmega4\libc.a(vfprintf_std.o)
                0x00001aa4                vfprintf
 .text.avr-libc
                0x00001e8c       0x16 c:/program files (x86)/atmel/atmel studio 6.0/extensions/atmel/avrgcc/3.4.0.65/avrtoolchain/bin/../lib/gcc/avr/4.6.2/../../../../avr/lib/avrxmega4\libc.a(strnlen_P.o)
                0x00001e8c                strnlen_P
 .text.avr-libc
                0x00001ea2       0x16 c:/program files (x86)/atmel/atmel studio 6.0/extensions/atmel/avrgcc/3.4.0.65/avrtoolchain/bin/../lib/gcc/avr/4.6.2/../../../../avr/lib/avrxmega4\libc.a(strnlen.o)
                0x00001ea2                strnlen
 .text.avr-libc
                0x00001eb8       0x58 c:/program files (x86)/atmel/atmel studio 6.0/extensions/atmel/avrgcc/3.4.0.65/avrtoolchain/bin/../lib/gcc/avr/4.6.2/../../../../avr/lib/avrxmega4\libc.a(fputc.o)
                0x00001eb8                fputc
 .text.avr-libc
                0x00001f10       0xbc c:/program files (x86)/atmel/atmel studio 6.0/extensions/atmel/avrgcc/3.4.0.65/avrtoolchain/bin/../lib/gcc/avr/4.6.2/../../../../avr/lib/avrxmega4\libc.a(ultoa_invert.o)
                0x00001f10                __ultoa_invert
                0x00001fcc                . = ALIGN (0x2)
 *(.fini9)
 .fini9         0x00001fcc        0x0 c:/program files (x86)/atmel/atmel studio 6.0/extensions/atmel/avrgcc/3.4.0.65/avrtoolchain/bin/../lib/gcc/avr/4.6.2/avrxmega4\libgcc.a(_exit.o)
                0x00001fcc                _exit
                0x00001fcc                exit
 *(.fini9)
 *(.fini8)
 *(.fini8)
 *(.fini7)
 *(.fini7)
 *(.fini6)
 *(.fini6)
 *(.fini5)
 *(.fini5)
 *(.fini4)
 *(.fini4)
 *(.fini3)
 *(.fini3)
 *(.fini2)
 *(.fini2)
 *(.fini1)
 *(.fini1)
 *(.fini0)
 .fini0         0x00001fcc        0x4 c:/program files (x86)/atmel/atmel studio 6.0/extensions/atmel/avrgcc/3.4.0.65/avrtoolchain/bin/../lib/gcc/avr/4.6.2/avrxmega4\libgcc.a(_exit.o)
 *(.fini0)
                0x00001fd0                _etext = .

.data           0x00802000      0x11c load address 0x00001fd0
                0x00802000                PROVIDE (__data_start, .)
 *(.data)
 .data          0x00802000       0x12 src/asf/xmega/boards/bluesat_bcr/bcr_comms.o
 .data          0x00802012      0x108 src/main.o
 *(.data*)
 .data.spi_device_conf
                0x0080211a        0x1 src/asf/xmega/boards/bluesat_bcr/bcr_dac.o
 *(.rodata)
 *(.rodata*)
 *(.gnu.linkonce.d*)
                0x0080211c                . = ALIGN (0x2)
 *fill*         0x0080211b        0x1 00
                0x0080211c                _edata = .
                0x0080211c                PROVIDE (__data_end, .)

.bss            0x0080211c       0x5d
                0x0080211c                PROVIDE (__bss_start, .)
 *(.bss)
 *(.bss*)
 .bss.twi_buffer
                0x0080211c        0x8 src/asf/xmega/boards/bluesat_bcr/bcr_comms.o
                0x0080211c                twi_buffer
 .bss.adca_enable_count
                0x00802124        0x1 src/asf/xmega/drivers/adc/adc.o
 .bss.adcb_enable_count
                0x00802125        0x1 src/asf/xmega/drivers/adc/adc.o
 *(COMMON)
 COMMON         0x00802126       0x49 src/asf/xmega/boards/bluesat_bcr/bcr_comms.o
                0x00802126                bcr_dac
                0x00802136                bcr_adc
                0x00802156                slave
 COMMON         0x0080216f        0x6 src/asf/common/services/sleepmgr/xmega/sleepmgr.o
                0x0080216f                sleepmgr_locks
 COMMON         0x00802175        0x4 src/asf/xmega/drivers/adc/adc.o
                0x00802175                adcb_callback
                0x00802177                adca_callback
                0x00802179                PROVIDE (__bss_end, .)
                0x00001fd0                __data_load_start = LOADADDR (.data)
                0x000020ec                __data_load_end = (__data_load_start + SIZEOF (.data))

.noinit         0x00802179        0x0
                0x00802179                PROVIDE (__noinit_start, .)
 *(.noinit*)
                0x00802179                PROVIDE (__noinit_end, .)
                0x00802179                _end = .
                0x00802179                PROVIDE (__heap_start, .)

.eeprom         0x00810000        0x0
 *(.eeprom*)
                0x00810000                __eeprom_end = .

.fuse
 *(.fuse)
 *(.lfuse)
 *(.hfuse)
 *(.efuse)

.lock
 *(.lock*)

.signature
 *(.signature*)

.stab           0x00000000      0xc84
 *(.stab)
 .stab          0x00000000      0x6cc c:/program files (x86)/atmel/atmel studio 6.0/extensions/atmel/avrgcc/3.4.0.65/avrtoolchain/bin/../lib/gcc/avr/4.6.2/../../../../avr/lib/avrxmega4/crtx64a3.o
 .stab          0x000006cc       0x9c c:/program files (x86)/atmel/atmel studio 6.0/extensions/atmel/avrgcc/3.4.0.65/avrtoolchain/bin/../lib/gcc/avr/4.6.2/../../../../avr/lib/avrxmega4\libc.a(strnlen_P.o)
                                 0xa8 (size before relaxing)
 .stab          0x00000768       0x9c c:/program files (x86)/atmel/atmel studio 6.0/extensions/atmel/avrgcc/3.4.0.65/avrtoolchain/bin/../lib/gcc/avr/4.6.2/../../../../avr/lib/avrxmega4\libc.a(strnlen.o)
                                 0xa8 (size before relaxing)
 .stab          0x00000804      0x480 c:/program files (x86)/atmel/atmel studio 6.0/extensions/atmel/avrgcc/3.4.0.65/avrtoolchain/bin/../lib/gcc/avr/4.6.2/../../../../avr/lib/avrxmega4\libc.a(ultoa_invert.o)
                                0x48c (size before relaxing)

.stabstr        0x00000000      0x218
 *(.stabstr)
 .stabstr       0x00000000      0x218 c:/program files (x86)/atmel/atmel studio 6.0/extensions/atmel/avrgcc/3.4.0.65/avrtoolchain/bin/../lib/gcc/avr/4.6.2/../../../../avr/lib/avrxmega4/crtx64a3.o

.stab.excl
 *(.stab.excl)

.stab.exclstr
 *(.stab.exclstr)

.stab.index
 *(.stab.index)

.stab.indexstr
 *(.stab.indexstr)

.comment
 *(.comment)

.debug
 *(.debug)

.line
 *(.line)

.debug_srcinfo
 *(.debug_srcinfo)

.debug_sfnames
 *(.debug_sfnames)

.debug_aranges  0x00000000      0x470
 *(.debug_aranges)
 .debug_aranges
                0x00000000       0x30 src/asf/xmega/boards/bluesat_bcr/bcr_comms.o
 .debug_aranges
                0x00000030       0x60 src/asf/xmega/drivers/twi/twis.o
 .debug_aranges
                0x00000090       0x30 src/asf/common/services/clock/xmega/sysclk.o
 .debug_aranges
                0x000000c0       0x20 src/asf/common/services/ioport/xmega/ioport_compat.o
 .debug_aranges
                0x000000e0       0x48 src/asf/common/services/spi/xmega_spi/spi_master.o
 .debug_aranges
                0x00000128       0x20 src/asf/xmega/boards/bluesat_bcr/bcr.o
 .debug_aranges
                0x00000148       0x30 src/asf/xmega/boards/bluesat_bcr/bcr_adc.o
 .debug_aranges
                0x00000178       0x28 src/asf/xmega/boards/bluesat_bcr/bcr_dac.o
 .debug_aranges
                0x000001a0       0x48 src/asf/xmega/drivers/adc/adc.o
 .debug_aranges
                0x000001e8       0x78 src/asf/xmega/drivers/adc/xmega_aau/adc_aau.o
 .debug_aranges
                0x00000260       0x20 src/asf/xmega/drivers/cpu/ccp.o
 .debug_aranges
                0x00000280       0x28 src/asf/xmega/drivers/nvm/nvm_asm.o
 .debug_aranges
                0x000002a8       0x20 src/asf/xmega/drivers/spi/spi.o
 .debug_aranges
                0x000002c8       0x58 src/asf/xmega/drivers/usart/usart.o
 .debug_aranges
                0x00000320       0x30 src/main.o
 .debug_aranges
                0x00000350       0x20 c:/program files (x86)/atmel/atmel studio 6.0/extensions/atmel/avrgcc/3.4.0.65/avrtoolchain/bin/../lib/gcc/avr/4.6.2/avrxmega4\libgcc.a(_udivmodhi4.o)
 .debug_aranges
                0x00000370       0x20 c:/program files (x86)/atmel/atmel studio 6.0/extensions/atmel/avrgcc/3.4.0.65/avrtoolchain/bin/../lib/gcc/avr/4.6.2/avrxmega4\libgcc.a(_divmodhi4.o)
 .debug_aranges
                0x00000390       0x20 c:/program files (x86)/atmel/atmel studio 6.0/extensions/atmel/avrgcc/3.4.0.65/avrtoolchain/bin/../lib/gcc/avr/4.6.2/avrxmega4\libgcc.a(_udivmodsi4.o)
 .debug_aranges
                0x000003b0       0x20 c:/program files (x86)/atmel/atmel studio 6.0/extensions/atmel/avrgcc/3.4.0.65/avrtoolchain/bin/../lib/gcc/avr/4.6.2/avrxmega4\libgcc.a(_exit.o)
 .debug_aranges
                0x000003d0       0x20 c:/program files (x86)/atmel/atmel studio 6.0/extensions/atmel/avrgcc/3.4.0.65/avrtoolchain/bin/../lib/gcc/avr/4.6.2/avrxmega4\libgcc.a(_copy_data.o)
 .debug_aranges
                0x000003f0       0x20 c:/program files (x86)/atmel/atmel studio 6.0/extensions/atmel/avrgcc/3.4.0.65/avrtoolchain/bin/../lib/gcc/avr/4.6.2/avrxmega4\libgcc.a(_clear_bss.o)
 .debug_aranges
                0x00000410       0x20 c:/program files (x86)/atmel/atmel studio 6.0/extensions/atmel/avrgcc/3.4.0.65/avrtoolchain/bin/../lib/gcc/avr/4.6.2/../../../../avr/lib/avrxmega4\libc.a(sprintf.o)
 .debug_aranges
                0x00000430       0x20 c:/program files (x86)/atmel/atmel studio 6.0/extensions/atmel/avrgcc/3.4.0.65/avrtoolchain/bin/../lib/gcc/avr/4.6.2/../../../../avr/lib/avrxmega4\libc.a(vfprintf_std.o)
 .debug_aranges
                0x00000450       0x20 c:/program files (x86)/atmel/atmel studio 6.0/extensions/atmel/avrgcc/3.4.0.65/avrtoolchain/bin/../lib/gcc/avr/4.6.2/../../../../avr/lib/avrxmega4\libc.a(fputc.o)

.debug_pubnames
 *(.debug_pubnames)

.debug_info     0x00000000     0x9e4b
 *(.debug_info)
 .debug_info    0x00000000     0x1e91 src/asf/xmega/boards/bluesat_bcr/bcr_comms.o
 .debug_info    0x00001e91      0x580 src/asf/xmega/drivers/twi/twis.o
 .debug_info    0x00002411      0x7d3 src/asf/common/services/clock/xmega/sysclk.o
 .debug_info    0x00002be4      0x120 src/asf/common/services/ioport/xmega/ioport_compat.o
 .debug_info    0x00002d04      0x14a src/asf/common/services/sleepmgr/xmega/sleepmgr.o
 .debug_info    0x00002e4e      0xc61 src/asf/common/services/spi/xmega_spi/spi_master.o
 .debug_info    0x00003aaf      0x977 src/asf/xmega/boards/bluesat_bcr/bcr.o
 .debug_info    0x00004426     0x1142 src/asf/xmega/boards/bluesat_bcr/bcr_adc.o
 .debug_info    0x00005568      0x767 src/asf/xmega/boards/bluesat_bcr/bcr_dac.o
 .debug_info    0x00005ccf      0xb99 src/asf/xmega/drivers/adc/adc.o
 .debug_info    0x00006868      0xe90 src/asf/xmega/drivers/adc/xmega_aau/adc_aau.o
 .debug_info    0x000076f8       0xeb src/asf/xmega/drivers/cpu/ccp.o
 .debug_info    0x000077e3       0xeb src/asf/xmega/drivers/nvm/nvm_asm.o
 .debug_info    0x000078ce      0x1ab src/asf/xmega/drivers/spi/spi.o
 .debug_info    0x00007a79      0xdf4 src/asf/xmega/drivers/usart/usart.o
 .debug_info    0x0000886d      0xa32 src/main.o
 .debug_info    0x0000929f       0xe2 c:/program files (x86)/atmel/atmel studio 6.0/extensions/atmel/avrgcc/3.4.0.65/avrtoolchain/bin/../lib/gcc/avr/4.6.2/avrxmega4\libgcc.a(_udivmodhi4.o)
 .debug_info    0x00009381       0xe2 c:/program files (x86)/atmel/atmel studio 6.0/extensions/atmel/avrgcc/3.4.0.65/avrtoolchain/bin/../lib/gcc/avr/4.6.2/avrxmega4\libgcc.a(_divmodhi4.o)
 .debug_info    0x00009463       0xe2 c:/program files (x86)/atmel/atmel studio 6.0/extensions/atmel/avrgcc/3.4.0.65/avrtoolchain/bin/../lib/gcc/avr/4.6.2/avrxmega4\libgcc.a(_udivmodsi4.o)
 .debug_info    0x00009545       0xe2 c:/program files (x86)/atmel/atmel studio 6.0/extensions/atmel/avrgcc/3.4.0.65/avrtoolchain/bin/../lib/gcc/avr/4.6.2/avrxmega4\libgcc.a(_exit.o)
 .debug_info    0x00009627       0xe2 c:/program files (x86)/atmel/atmel studio 6.0/extensions/atmel/avrgcc/3.4.0.65/avrtoolchain/bin/../lib/gcc/avr/4.6.2/avrxmega4\libgcc.a(_copy_data.o)
 .debug_info    0x00009709       0xe2 c:/program files (x86)/atmel/atmel studio 6.0/extensions/atmel/avrgcc/3.4.0.65/avrtoolchain/bin/../lib/gcc/avr/4.6.2/avrxmega4\libgcc.a(_clear_bss.o)
 .debug_info    0x000097eb      0x1b7 c:/program files (x86)/atmel/atmel studio 6.0/extensions/atmel/avrgcc/3.4.0.65/avrtoolchain/bin/../lib/gcc/avr/4.6.2/../../../../avr/lib/avrxmega4\libc.a(sprintf.o)
 .debug_info    0x000099a2      0x342 c:/program files (x86)/atmel/atmel studio 6.0/extensions/atmel/avrgcc/3.4.0.65/avrtoolchain/bin/../lib/gcc/avr/4.6.2/../../../../avr/lib/avrxmega4\libc.a(vfprintf_std.o)
 .debug_info    0x00009ce4      0x167 c:/program files (x86)/atmel/atmel studio 6.0/extensions/atmel/avrgcc/3.4.0.65/avrtoolchain/bin/../lib/gcc/avr/4.6.2/../../../../avr/lib/avrxmega4\libc.a(fputc.o)
 *(.gnu.linkonce.wi.*)

.debug_abbrev   0x00000000     0x20ad
 *(.debug_abbrev)
 .debug_abbrev  0x00000000      0x1fc src/asf/xmega/boards/bluesat_bcr/bcr_comms.o
 .debug_abbrev  0x000001fc      0x1be src/asf/xmega/drivers/twi/twis.o
 .debug_abbrev  0x000003ba      0x243 src/asf/common/services/clock/xmega/sysclk.o
 .debug_abbrev  0x000005fd       0x9e src/asf/common/services/ioport/xmega/ioport_compat.o
 .debug_abbrev  0x0000069b       0x94 src/asf/common/services/sleepmgr/xmega/sleepmgr.o
 .debug_abbrev  0x0000072f      0x24c src/asf/common/services/spi/xmega_spi/spi_master.o
 .debug_abbrev  0x0000097b      0x1fa src/asf/xmega/boards/bluesat_bcr/bcr.o
 .debug_abbrev  0x00000b75      0x304 src/asf/xmega/boards/bluesat_bcr/bcr_adc.o
 .debug_abbrev  0x00000e79      0x20c src/asf/xmega/boards/bluesat_bcr/bcr_dac.o
 .debug_abbrev  0x00001085      0x2a3 src/asf/xmega/drivers/adc/adc.o
 .debug_abbrev  0x00001328      0x335 src/asf/xmega/drivers/adc/xmega_aau/adc_aau.o
 .debug_abbrev  0x0000165d       0x14 src/asf/xmega/drivers/cpu/ccp.o
 .debug_abbrev  0x00001671       0x12 src/asf/xmega/drivers/nvm/nvm_asm.o
 .debug_abbrev  0x00001683       0xe3 src/asf/xmega/drivers/spi/spi.o
 .debug_abbrev  0x00001766      0x34b src/asf/xmega/drivers/usart/usart.o
 .debug_abbrev  0x00001ab1      0x24d src/main.o
 .debug_abbrev  0x00001cfe       0x14 c:/program files (x86)/atmel/atmel studio 6.0/extensions/atmel/avrgcc/3.4.0.65/avrtoolchain/bin/../lib/gcc/avr/4.6.2/avrxmega4\libgcc.a(_udivmodhi4.o)
 .debug_abbrev  0x00001d12       0x14 c:/program files (x86)/atmel/atmel studio 6.0/extensions/atmel/avrgcc/3.4.0.65/avrtoolchain/bin/../lib/gcc/avr/4.6.2/avrxmega4\libgcc.a(_divmodhi4.o)
 .debug_abbrev  0x00001d26       0x14 c:/program files (x86)/atmel/atmel studio 6.0/extensions/atmel/avrgcc/3.4.0.65/avrtoolchain/bin/../lib/gcc/avr/4.6.2/avrxmega4\libgcc.a(_udivmodsi4.o)
 .debug_abbrev  0x00001d3a       0x14 c:/program files (x86)/atmel/atmel studio 6.0/extensions/atmel/avrgcc/3.4.0.65/avrtoolchain/bin/../lib/gcc/avr/4.6.2/avrxmega4\libgcc.a(_exit.o)
 .debug_abbrev  0x00001d4e       0x14 c:/program files (x86)/atmel/atmel studio 6.0/extensions/atmel/avrgcc/3.4.0.65/avrtoolchain/bin/../lib/gcc/avr/4.6.2/avrxmega4\libgcc.a(_copy_data.o)
 .debug_abbrev  0x00001d62       0x14 c:/program files (x86)/atmel/atmel studio 6.0/extensions/atmel/avrgcc/3.4.0.65/avrtoolchain/bin/../lib/gcc/avr/4.6.2/avrxmega4\libgcc.a(_clear_bss.o)
 .debug_abbrev  0x00001d76       0xfd c:/program files (x86)/atmel/atmel studio 6.0/extensions/atmel/avrgcc/3.4.0.65/avrtoolchain/bin/../lib/gcc/avr/4.6.2/../../../../avr/lib/avrxmega4\libc.a(sprintf.o)
 .debug_abbrev  0x00001e73      0x161 c:/program files (x86)/atmel/atmel studio 6.0/extensions/atmel/avrgcc/3.4.0.65/avrtoolchain/bin/../lib/gcc/avr/4.6.2/../../../../avr/lib/avrxmega4\libc.a(vfprintf_std.o)
 .debug_abbrev  0x00001fd4       0xd9 c:/program files (x86)/atmel/atmel studio 6.0/extensions/atmel/avrgcc/3.4.0.65/avrtoolchain/bin/../lib/gcc/avr/4.6.2/../../../../avr/lib/avrxmega4\libc.a(fputc.o)

.debug_line     0x00000000     0x6eae
 *(.debug_line)
 .debug_line    0x00000000      0x99d src/asf/xmega/boards/bluesat_bcr/bcr_comms.o
 .debug_line    0x0000099d      0x4db src/asf/xmega/drivers/twi/twis.o
 .debug_line    0x00000e78      0x585 src/asf/common/services/clock/xmega/sysclk.o
 .debug_line    0x000013fd      0x49f src/asf/common/services/ioport/xmega/ioport_compat.o
 .debug_line    0x0000189c      0x47e src/asf/common/services/sleepmgr/xmega/sleepmgr.o
 .debug_line    0x00001d1a      0x6fb src/asf/common/services/spi/xmega_spi/spi_master.o
 .debug_line    0x00002415      0x96e src/asf/xmega/boards/bluesat_bcr/bcr.o
 .debug_line    0x00002d83      0x9df src/asf/xmega/boards/bluesat_bcr/bcr_adc.o
 .debug_line    0x00003762      0x987 src/asf/xmega/boards/bluesat_bcr/bcr_dac.o
 .debug_line    0x000040e9      0x6cd src/asf/xmega/drivers/adc/adc.o
 .debug_line    0x000047b6      0x7c3 src/asf/xmega/drivers/adc/xmega_aau/adc_aau.o
 .debug_line    0x00004f79       0x54 src/asf/xmega/drivers/cpu/ccp.o
 .debug_line    0x00004fcd       0x8a src/asf/xmega/drivers/nvm/nvm_asm.o
 .debug_line    0x00005057      0x4c9 src/asf/xmega/drivers/spi/spi.o
 .debug_line    0x00005520      0x777 src/asf/xmega/drivers/usart/usart.o
 .debug_line    0x00005c97      0x9ca src/main.o
 .debug_line    0x00006661       0x9a c:/program files (x86)/atmel/atmel studio 6.0/extensions/atmel/avrgcc/3.4.0.65/avrtoolchain/bin/../lib/gcc/avr/4.6.2/avrxmega4\libgcc.a(_udivmodhi4.o)
 .debug_line    0x000066fb       0x99 c:/program files (x86)/atmel/atmel studio 6.0/extensions/atmel/avrgcc/3.4.0.65/avrtoolchain/bin/../lib/gcc/avr/4.6.2/avrxmega4\libgcc.a(_divmodhi4.o)
 .debug_line    0x00006794       0xa8 c:/program files (x86)/atmel/atmel studio 6.0/extensions/atmel/avrgcc/3.4.0.65/avrtoolchain/bin/../lib/gcc/avr/4.6.2/avrxmega4\libgcc.a(_udivmodsi4.o)
 .debug_line    0x0000683c       0x88 c:/program files (x86)/atmel/atmel studio 6.0/extensions/atmel/avrgcc/3.4.0.65/avrtoolchain/bin/../lib/gcc/avr/4.6.2/avrxmega4\libgcc.a(_exit.o)
 .debug_line    0x000068c4       0x93 c:/program files (x86)/atmel/atmel studio 6.0/extensions/atmel/avrgcc/3.4.0.65/avrtoolchain/bin/../lib/gcc/avr/4.6.2/avrxmega4\libgcc.a(_copy_data.o)
 .debug_line    0x00006957       0x8e c:/program files (x86)/atmel/atmel studio 6.0/extensions/atmel/avrgcc/3.4.0.65/avrtoolchain/bin/../lib/gcc/avr/4.6.2/avrxmega4\libgcc.a(_clear_bss.o)
 .debug_line    0x000069e5      0x157 c:/program files (x86)/atmel/atmel studio 6.0/extensions/atmel/avrgcc/3.4.0.65/avrtoolchain/bin/../lib/gcc/avr/4.6.2/../../../../avr/lib/avrxmega4\libc.a(sprintf.o)
 .debug_line    0x00006b3c      0x291 c:/program files (x86)/atmel/atmel studio 6.0/extensions/atmel/avrgcc/3.4.0.65/avrtoolchain/bin/../lib/gcc/avr/4.6.2/../../../../avr/lib/avrxmega4\libc.a(vfprintf_std.o)
 .debug_line    0x00006dcd       0xe1 c:/program files (x86)/atmel/atmel studio 6.0/extensions/atmel/avrgcc/3.4.0.65/avrtoolchain/bin/../lib/gcc/avr/4.6.2/../../../../avr/lib/avrxmega4\libc.a(fputc.o)

.debug_frame    0x00000000      0xb54
 *(.debug_frame)
 .debug_frame   0x00000000       0xe0 src/asf/xmega/boards/bluesat_bcr/bcr_comms.o
 .debug_frame   0x000000e0       0xbc src/asf/xmega/drivers/twi/twis.o
 .debug_frame   0x0000019c       0x44 src/asf/common/services/clock/xmega/sysclk.o
 .debug_frame   0x000001e0       0x30 src/asf/common/services/ioport/xmega/ioport_compat.o
 .debug_frame   0x00000210       0x9c src/asf/common/services/spi/xmega_spi/spi_master.o
 .debug_frame   0x000002ac       0x34 src/asf/xmega/boards/bluesat_bcr/bcr.o
 .debug_frame   0x000002e0       0x80 src/asf/xmega/boards/bluesat_bcr/bcr_adc.o
 .debug_frame   0x00000360       0x84 src/asf/xmega/boards/bluesat_bcr/bcr_dac.o
 .debug_frame   0x000003e4       0x8c src/asf/xmega/drivers/adc/adc.o
 .debug_frame   0x00000470      0x39c src/asf/xmega/drivers/adc/xmega_aau/adc_aau.o
 .debug_frame   0x0000080c       0x4c src/asf/xmega/drivers/spi/spi.o
 .debug_frame   0x00000858      0x134 src/asf/xmega/drivers/usart/usart.o
 .debug_frame   0x0000098c       0xd0 src/main.o
 .debug_frame   0x00000a5c       0x3c c:/program files (x86)/atmel/atmel studio 6.0/extensions/atmel/avrgcc/3.4.0.65/avrtoolchain/bin/../lib/gcc/avr/4.6.2/../../../../avr/lib/avrxmega4\libc.a(sprintf.o)
 .debug_frame   0x00000a98       0x84 c:/program files (x86)/atmel/atmel studio 6.0/extensions/atmel/avrgcc/3.4.0.65/avrtoolchain/bin/../lib/gcc/avr/4.6.2/../../../../avr/lib/avrxmega4\libc.a(vfprintf_std.o)
 .debug_frame   0x00000b1c       0x38 c:/program files (x86)/atmel/atmel studio 6.0/extensions/atmel/avrgcc/3.4.0.65/avrtoolchain/bin/../lib/gcc/avr/4.6.2/../../../../avr/lib/avrxmega4\libc.a(fputc.o)

.debug_str      0x00000000     0x2dc5
 *(.debug_str)
 .debug_str     0x00000000      0xbbc src/asf/xmega/boards/bluesat_bcr/bcr_comms.o
                                0xc44 (size before relaxing)
 .debug_str     0x00000bbc      0x25d src/asf/xmega/drivers/twi/twis.o
                                0x52e (size before relaxing)
 .debug_str     0x00000e19      0x387 src/asf/common/services/clock/xmega/sysclk.o
                                0x655 (size before relaxing)
 .debug_str     0x000011a0       0xab src/asf/common/services/ioport/xmega/ioport_compat.o
                                0x206 (size before relaxing)
 .debug_str     0x0000124b       0xb3 src/asf/common/services/sleepmgr/xmega/sleepmgr.o
                                0x294 (size before relaxing)
 .debug_str     0x000012fe      0x401 src/asf/common/services/spi/xmega_spi/spi_master.o
                                0x8d4 (size before relaxing)
 .debug_str     0x000016ff      0x216 src/asf/xmega/boards/bluesat_bcr/bcr.o
                                0x7e6 (size before relaxing)
 .debug_str     0x00001915      0x7d4 src/asf/xmega/boards/bluesat_bcr/bcr_adc.o
                                0xf74 (size before relaxing)
 .debug_str     0x000020e9       0x8c src/asf/xmega/boards/bluesat_bcr/bcr_dac.o
                                0x5a3 (size before relaxing)
 .debug_str     0x00002175      0x25a src/asf/xmega/drivers/adc/adc.o
                                0x845 (size before relaxing)
 .debug_str     0x000023cf      0x485 src/asf/xmega/drivers/adc/xmega_aau/adc_aau.o
                                0xa17 (size before relaxing)
 .debug_str     0x00002854       0xc8 src/asf/xmega/drivers/spi/spi.o
                                0x257 (size before relaxing)
 .debug_str     0x0000291c      0x2b7 src/asf/xmega/drivers/usart/usart.o
                                0xbbd (size before relaxing)
 .debug_str     0x00002bd3       0x71 src/main.o
                                0x85d (size before relaxing)
 .debug_str     0x00002c44       0x93 c:/program files (x86)/atmel/atmel studio 6.0/extensions/atmel/avrgcc/3.4.0.65/avrtoolchain/bin/../lib/gcc/avr/4.6.2/../../../../avr/lib/avrxmega4\libc.a(sprintf.o)
                                0x121 (size before relaxing)
 .debug_str     0x00002cd7       0x98 c:/program files (x86)/atmel/atmel studio 6.0/extensions/atmel/avrgcc/3.4.0.65/avrtoolchain/bin/../lib/gcc/avr/4.6.2/../../../../avr/lib/avrxmega4\libc.a(vfprintf_std.o)
                                0x16b (size before relaxing)
 .debug_str     0x00002d6f       0x56 c:/program files (x86)/atmel/atmel studio 6.0/extensions/atmel/avrgcc/3.4.0.65/avrtoolchain/bin/../lib/gcc/avr/4.6.2/../../../../avr/lib/avrxmega4\libc.a(fputc.o)
                                 0xfb (size before relaxing)

.debug_loc      0x00000000     0x2da5
 *(.debug_loc)
 .debug_loc     0x00000000      0x1db src/asf/xmega/boards/bluesat_bcr/bcr_comms.o
 .debug_loc     0x000001db      0x27b src/asf/xmega/drivers/twi/twis.o
 .debug_loc     0x00000456      0x196 src/asf/common/services/clock/xmega/sysclk.o
 .debug_loc     0x000005ec       0x6b src/asf/common/services/ioport/xmega/ioport_compat.o
 .debug_loc     0x00000657      0x2e9 src/asf/common/services/spi/xmega_spi/spi_master.o
 .debug_loc     0x00000940       0x3b src/asf/xmega/boards/bluesat_bcr/bcr.o
 .debug_loc     0x0000097b      0x226 src/asf/xmega/boards/bluesat_bcr/bcr_adc.o
 .debug_loc     0x00000ba1      0x139 src/asf/xmega/boards/bluesat_bcr/bcr_dac.o
 .debug_loc     0x00000cda      0x1a2 src/asf/xmega/drivers/adc/adc.o
 .debug_loc     0x00000e7c      0xc01 src/asf/xmega/drivers/adc/xmega_aau/adc_aau.o
 .debug_loc     0x00001a7d      0x133 src/asf/xmega/drivers/spi/spi.o
 .debug_loc     0x00001bb0      0x9ed src/asf/xmega/drivers/usart/usart.o
 .debug_loc     0x0000259d      0x131 src/main.o
 .debug_loc     0x000026ce       0x55 c:/program files (x86)/atmel/atmel studio 6.0/extensions/atmel/avrgcc/3.4.0.65/avrtoolchain/bin/../lib/gcc/avr/4.6.2/../../../../avr/lib/avrxmega4\libc.a(sprintf.o)
 .debug_loc     0x00002723      0x5e9 c:/program files (x86)/atmel/atmel studio 6.0/extensions/atmel/avrgcc/3.4.0.65/avrtoolchain/bin/../lib/gcc/avr/4.6.2/../../../../avr/lib/avrxmega4\libc.a(vfprintf_std.o)
 .debug_loc     0x00002d0c       0x99 c:/program files (x86)/atmel/atmel studio 6.0/extensions/atmel/avrgcc/3.4.0.65/avrtoolchain/bin/../lib/gcc/avr/4.6.2/../../../../avr/lib/avrxmega4\libc.a(fputc.o)

.debug_macinfo  0x00000000   0x1df579
 *(.debug_macinfo)
 .debug_macinfo
                0x00000000    0x23aba src/asf/xmega/boards/bluesat_bcr/bcr_comms.o
 .debug_macinfo
                0x00023aba    0x20ace src/asf/xmega/drivers/twi/twis.o
 .debug_macinfo
                0x00044588    0x21ac6 src/asf/common/services/clock/xmega/sysclk.o
 .debug_macinfo
                0x0006604e    0x2108e src/asf/common/services/ioport/xmega/ioport_compat.o
 .debug_macinfo
                0x000870dc    0x20dda src/asf/common/services/sleepmgr/xmega/sleepmgr.o
 .debug_macinfo
                0x000a7eb6    0x2224d src/asf/common/services/spi/xmega_spi/spi_master.o
 .debug_macinfo
                0x000ca103    0x234a6 src/asf/xmega/boards/bluesat_bcr/bcr.o
 .debug_macinfo
                0x000ed5a9    0x234a6 src/asf/xmega/boards/bluesat_bcr/bcr_adc.o
 .debug_macinfo
                0x00110a4f    0x234a6 src/asf/xmega/boards/bluesat_bcr/bcr_dac.o
 .debug_macinfo
                0x00133ef5    0x22434 src/asf/xmega/drivers/adc/adc.o
 .debug_macinfo
                0x00156329    0x22434 src/asf/xmega/drivers/adc/xmega_aau/adc_aau.o
 .debug_macinfo
                0x0017875d    0x210bc src/asf/xmega/drivers/spi/spi.o
 .debug_macinfo
                0x00199819    0x2223c src/asf/xmega/drivers/usart/usart.o
 .debug_macinfo
                0x001bba55    0x23b24 src/main.o
OUTPUT(BLUESAT_BCR.elf elf32-avr)
LOAD linker stubs

.BOOT           0x00010000        0x0

.debug_ranges   0x00000000      0x2b8
 .debug_ranges  0x00000000       0x20 src/asf/xmega/boards/bluesat_bcr/bcr_comms.o
 .debug_ranges  0x00000020       0x50 src/asf/xmega/drivers/twi/twis.o
 .debug_ranges  0x00000070       0x20 src/asf/common/services/clock/xmega/sysclk.o
 .debug_ranges  0x00000090       0x10 src/asf/common/services/ioport/xmega/ioport_compat.o
 .debug_ranges  0x000000a0       0x38 src/asf/common/services/spi/xmega_spi/spi_master.o
 .debug_ranges  0x000000d8       0x10 src/asf/xmega/boards/bluesat_bcr/bcr.o
 .debug_ranges  0x000000e8       0x20 src/asf/xmega/boards/bluesat_bcr/bcr_adc.o
 .debug_ranges  0x00000108       0x48 src/asf/xmega/boards/bluesat_bcr/bcr_dac.o
 .debug_ranges  0x00000150       0x38 src/asf/xmega/drivers/adc/adc.o
 .debug_ranges  0x00000188       0x68 src/asf/xmega/drivers/adc/xmega_aau/adc_aau.o
 .debug_ranges  0x000001f0       0x20 src/asf/xmega/drivers/nvm/nvm_asm.o
 .debug_ranges  0x00000210       0x10 src/asf/xmega/drivers/spi/spi.o
 .debug_ranges  0x00000220       0x48 src/asf/xmega/drivers/usart/usart.o
 .debug_ranges  0x00000268       0x20 src/main.o
 .debug_ranges  0x00000288       0x10 c:/program files (x86)/atmel/atmel studio 6.0/extensions/atmel/avrgcc/3.4.0.65/avrtoolchain/bin/../lib/gcc/avr/4.6.2/../../../../avr/lib/avrxmega4\libc.a(sprintf.o)
 .debug_ranges  0x00000298       0x10 c:/program files (x86)/atmel/atmel studio 6.0/extensions/atmel/avrgcc/3.4.0.65/avrtoolchain/bin/../lib/gcc/avr/4.6.2/../../../../avr/lib/avrxmega4\libc.a(vfprintf_std.o)
 .debug_ranges  0x000002a8       0x10 c:/program files (x86)/atmel/atmel studio 6.0/extensions/atmel/avrgcc/3.4.0.65/avrtoolchain/bin/../lib/gcc/avr/4.6.2/../../../../avr/lib/avrxmega4\libc.a(fputc.o)
