Archive member included because of file (symbol)

/usr/lib/gcc/avr/4.5.3/avr5/libgcc.a(_exit.o)
                              /usr/lib/gcc/avr/4.5.3/../../../avr/lib/avr5/crtm328p.o (exit)
/usr/lib/gcc/avr/4.5.3/avr5/libgcc.a(_copy_data.o)
                              bcr_test.o (__do_copy_data)
/usr/lib/gcc/avr/4.5.3/../../../avr/lib/avr5/libc.a(iob.o)
                              bcr_test.o (__iob)
/usr/lib/gcc/avr/4.5.3/../../../avr/lib/avr5/libc.a(printf.o)
                              bcr_test.o (printf)
/usr/lib/gcc/avr/4.5.3/../../../avr/lib/avr5/libc.a(puts.o)
                              bcr_test.o (puts)
/usr/lib/gcc/avr/4.5.3/../../../avr/lib/avr5/libc.a(vfprintf_std.o)
                              /usr/lib/gcc/avr/4.5.3/../../../avr/lib/avr5/libc.a(printf.o) (vfprintf)
/usr/lib/gcc/avr/4.5.3/../../../avr/lib/avr5/libc.a(strnlen_P.o)
                              /usr/lib/gcc/avr/4.5.3/../../../avr/lib/avr5/libc.a(vfprintf_std.o) (strnlen_P)
/usr/lib/gcc/avr/4.5.3/../../../avr/lib/avr5/libc.a(strnlen.o)
                              /usr/lib/gcc/avr/4.5.3/../../../avr/lib/avr5/libc.a(vfprintf_std.o) (strnlen)
/usr/lib/gcc/avr/4.5.3/../../../avr/lib/avr5/libc.a(fputc.o)
                              /usr/lib/gcc/avr/4.5.3/../../../avr/lib/avr5/libc.a(vfprintf_std.o) (fputc)
/usr/lib/gcc/avr/4.5.3/../../../avr/lib/avr5/libc.a(ultoa_invert.o)
                              /usr/lib/gcc/avr/4.5.3/../../../avr/lib/avr5/libc.a(vfprintf_std.o) (__ultoa_invert)
/usr/lib/gcc/avr/4.5.3/avr5/libgcc.a(_prologue.o)
                              /usr/lib/gcc/avr/4.5.3/../../../avr/lib/avr5/libc.a(printf.o) (__prologue_saves__)
/usr/lib/gcc/avr/4.5.3/avr5/libgcc.a(_epilogue.o)
                              /usr/lib/gcc/avr/4.5.3/../../../avr/lib/avr5/libc.a(printf.o) (__epilogue_restores__)
/usr/lib/gcc/avr/4.5.3/avr5/libgcc.a(_clear_bss.o)
                              /usr/lib/gcc/avr/4.5.3/../../../avr/lib/avr5/libc.a(iob.o) (__do_clear_bss)

Allocating common symbols
Common symbol       size              file

__iob               0x6               /usr/lib/gcc/avr/4.5.3/../../../avr/lib/avr5/libc.a(iob.o)

Memory Configuration

Name             Origin             Length             Attributes
text             0x00000000         0x00020000         xr
data             0x00800060         0x0000ffa0         rw !x
eeprom           0x00810000         0x00010000         rw !x
fuse             0x00820000         0x00000400         rw !x
lock             0x00830000         0x00000400         rw !x
signature        0x00840000         0x00000400         rw !x
*default*        0x00000000         0xffffffff

Linker script and memory map

Address of section .data set to 0x800100
LOAD /usr/lib/gcc/avr/4.5.3/../../../avr/lib/avr5/crtm328p.o
LOAD bcr.o
LOAD bcr_test.o
LOAD /usr/lib/gcc/avr/4.5.3/avr5/libgcc.a
LOAD /usr/lib/gcc/avr/4.5.3/../../../avr/lib/avr5/libc.a
LOAD /usr/lib/gcc/avr/4.5.3/avr5/libgcc.a

.hash
 *(.hash)

.dynsym
 *(.dynsym)

.dynstr
 *(.dynstr)

.gnu.version
 *(.gnu.version)

.gnu.version_d
 *(.gnu.version_d)

.gnu.version_r
 *(.gnu.version_r)

.rel.init
 *(.rel.init)

.rela.init
 *(.rela.init)

.rel.text
 *(.rel.text)
 *(.rel.text.*)
 *(.rel.gnu.linkonce.t*)

.rela.text
 *(.rela.text)
 *(.rela.text.*)
 *(.rela.gnu.linkonce.t*)

.rel.fini
 *(.rel.fini)

.rela.fini
 *(.rela.fini)

.rel.rodata
 *(.rel.rodata)
 *(.rel.rodata.*)
 *(.rel.gnu.linkonce.r*)

.rela.rodata
 *(.rela.rodata)
 *(.rela.rodata.*)
 *(.rela.gnu.linkonce.r*)

.rel.data
 *(.rel.data)
 *(.rel.data.*)
 *(.rel.gnu.linkonce.d*)

.rela.data
 *(.rela.data)
 *(.rela.data.*)
 *(.rela.gnu.linkonce.d*)

.rel.ctors
 *(.rel.ctors)

.rela.ctors
 *(.rela.ctors)

.rel.dtors
 *(.rel.dtors)

.rela.dtors
 *(.rela.dtors)

.rel.got
 *(.rel.got)

.rela.got
 *(.rela.got)

.rel.bss
 *(.rel.bss)

.rela.bss
 *(.rela.bss)

.rel.plt
 *(.rel.plt)

.rela.plt
 *(.rela.plt)

.text           0x00000000      0x8cc
 *(.vectors)
 .vectors       0x00000000       0x68 /usr/lib/gcc/avr/4.5.3/../../../avr/lib/avr5/crtm328p.o
                0x00000000                __vectors
                0x00000000                __vector_default
 *(.vectors)
 *(.progmem.gcc*)
 *(.progmem*)
                0x00000068                . = ALIGN (0x2)
                0x00000068                __trampolines_start = .
 *(.trampolines)
 .trampolines   0x00000068        0x0 linker stubs
 *(.trampolines*)
                0x00000068                __trampolines_end = .
 *(.jumptables)
 *(.jumptables*)
 *(.lowtext)
 *(.lowtext*)
                0x00000068                __ctors_start = .
 *(.ctors)
                0x00000068                __ctors_end = .
                0x00000068                __dtors_start = .
 *(.dtors)
                0x00000068                __dtors_end = .
 SORT(*)(.ctors)
 SORT(*)(.dtors)
 *(.init0)
 .init0         0x00000068        0x0 /usr/lib/gcc/avr/4.5.3/../../../avr/lib/avr5/crtm328p.o
                0x00000068                __init
 *(.init0)
 *(.init1)
 *(.init1)
 *(.init2)
 .init2         0x00000068        0xc /usr/lib/gcc/avr/4.5.3/../../../avr/lib/avr5/crtm328p.o
 *(.init2)
 *(.init3)
 *(.init3)
 *(.init4)
 .init4         0x00000074       0x16 /usr/lib/gcc/avr/4.5.3/avr5/libgcc.a(_copy_data.o)
                0x00000074                __do_copy_data
 .init4         0x0000008a       0x10 /usr/lib/gcc/avr/4.5.3/avr5/libgcc.a(_clear_bss.o)
                0x0000008a                __do_clear_bss
 *(.init4)
 *(.init5)
 *(.init5)
 *(.init6)
 *(.init6)
 *(.init7)
 *(.init7)
 *(.init8)
 *(.init8)
 *(.init9)
 .init9         0x0000009a        0x8 /usr/lib/gcc/avr/4.5.3/../../../avr/lib/avr5/crtm328p.o
 *(.init9)
 *(.text)
 .text          0x000000a2        0x4 /usr/lib/gcc/avr/4.5.3/../../../avr/lib/avr5/crtm328p.o
                0x000000a2                __vector_22
                0x000000a2                __vector_1
                0x000000a2                __vector_24
                0x000000a2                __vector_12
                0x000000a2                __bad_interrupt
                0x000000a2                __vector_6
                0x000000a2                __vector_3
                0x000000a2                __vector_23
                0x000000a2                __vector_25
                0x000000a2                __vector_11
                0x000000a2                __vector_13
                0x000000a2                __vector_17
                0x000000a2                __vector_19
                0x000000a2                __vector_7
                0x000000a2                __vector_5
                0x000000a2                __vector_4
                0x000000a2                __vector_9
                0x000000a2                __vector_2
                0x000000a2                __vector_21
                0x000000a2                __vector_15
                0x000000a2                __vector_8
                0x000000a2                __vector_14
                0x000000a2                __vector_10
                0x000000a2                __vector_16
                0x000000a2                __vector_18
                0x000000a2                __vector_20
 .text          0x000000a6       0xba bcr.o
                0x000000a6                init
                0x000000cc                main
                0x000000da                setDAC
                0x0000010c                readADC
 .text          0x00000160      0x158 bcr_test.o
                0x00000160                uartPutChar
                0x00000182                testADC
                0x0000027c                uartInit
                0x0000029e                bcrTest
 .text          0x000002b8        0x0 /usr/lib/gcc/avr/4.5.3/avr5/libgcc.a(_exit.o)
 .text          0x000002b8        0x0 /usr/lib/gcc/avr/4.5.3/avr5/libgcc.a(_copy_data.o)
 .text          0x000002b8        0x0 /usr/lib/gcc/avr/4.5.3/../../../avr/lib/avr5/libc.a(iob.o)
 .text          0x000002b8        0x0 /usr/lib/gcc/avr/4.5.3/../../../avr/lib/avr5/libc.a(printf.o)
 .text          0x000002b8        0x0 /usr/lib/gcc/avr/4.5.3/../../../avr/lib/avr5/libc.a(puts.o)
 .text          0x000002b8        0x0 /usr/lib/gcc/avr/4.5.3/../../../avr/lib/avr5/libc.a(vfprintf_std.o)
 .text          0x000002b8        0x0 /usr/lib/gcc/avr/4.5.3/../../../avr/lib/avr5/libc.a(strnlen_P.o)
 .text          0x000002b8        0x0 /usr/lib/gcc/avr/4.5.3/../../../avr/lib/avr5/libc.a(strnlen.o)
 .text          0x000002b8        0x0 /usr/lib/gcc/avr/4.5.3/../../../avr/lib/avr5/libc.a(fputc.o)
 .text          0x000002b8        0x0 /usr/lib/gcc/avr/4.5.3/../../../avr/lib/avr5/libc.a(ultoa_invert.o)
 .text          0x000002b8        0x0 /usr/lib/gcc/avr/4.5.3/avr5/libgcc.a(_prologue.o)
 .text          0x000002b8        0x0 /usr/lib/gcc/avr/4.5.3/avr5/libgcc.a(_epilogue.o)
 .text          0x000002b8        0x0 /usr/lib/gcc/avr/4.5.3/avr5/libgcc.a(_clear_bss.o)
                0x000002b8                . = ALIGN (0x2)
 *(.text.*)
 .text.libgcc   0x000002b8        0x0 /usr/lib/gcc/avr/4.5.3/avr5/libgcc.a(_exit.o)
 .text.libgcc   0x000002b8        0x0 /usr/lib/gcc/avr/4.5.3/avr5/libgcc.a(_copy_data.o)
 .text.avr-libc
                0x000002b8       0x2a /usr/lib/gcc/avr/4.5.3/../../../avr/lib/avr5/libc.a(printf.o)
                0x000002b8                printf
 .text.avr-libc
                0x000002e2       0x6a /usr/lib/gcc/avr/4.5.3/../../../avr/lib/avr5/libc.a(puts.o)
                0x000002e2                puts
 .text.avr-libc
                0x0000034c      0x3ce /usr/lib/gcc/avr/4.5.3/../../../avr/lib/avr5/libc.a(vfprintf_std.o)
                0x0000034c                vfprintf
 .text.avr-libc
                0x0000071a       0x16 /usr/lib/gcc/avr/4.5.3/../../../avr/lib/avr5/libc.a(strnlen_P.o)
                0x0000071a                strnlen_P
 .text.avr-libc
                0x00000730       0x16 /usr/lib/gcc/avr/4.5.3/../../../avr/lib/avr5/libc.a(strnlen.o)
                0x00000730                strnlen
 .text.avr-libc
                0x00000746       0x58 /usr/lib/gcc/avr/4.5.3/../../../avr/lib/avr5/libc.a(fputc.o)
                0x00000746                fputc
 .text.avr-libc
                0x0000079e       0xbc /usr/lib/gcc/avr/4.5.3/../../../avr/lib/avr5/libc.a(ultoa_invert.o)
                0x0000079e                __ultoa_invert
 .text.libgcc   0x0000085a       0x38 /usr/lib/gcc/avr/4.5.3/avr5/libgcc.a(_prologue.o)
                0x0000085a                __prologue_saves__
 .text.libgcc   0x00000892       0x36 /usr/lib/gcc/avr/4.5.3/avr5/libgcc.a(_epilogue.o)
                0x00000892                __epilogue_restores__
 .text.libgcc   0x000008c8        0x0 /usr/lib/gcc/avr/4.5.3/avr5/libgcc.a(_clear_bss.o)
                0x000008c8                . = ALIGN (0x2)
 *(.fini9)
 .fini9         0x000008c8        0x0 /usr/lib/gcc/avr/4.5.3/avr5/libgcc.a(_exit.o)
                0x000008c8                exit
                0x000008c8                _exit
 *(.fini9)
 *(.fini8)
 *(.fini8)
 *(.fini7)
 *(.fini7)
 *(.fini6)
 *(.fini6)
 *(.fini5)
 *(.fini5)
 *(.fini4)
 *(.fini4)
 *(.fini3)
 *(.fini3)
 *(.fini2)
 *(.fini2)
 *(.fini1)
 *(.fini1)
 *(.fini0)
 .fini0         0x000008c8        0x4 /usr/lib/gcc/avr/4.5.3/avr5/libgcc.a(_exit.o)
 *(.fini0)
                0x000008cc                _etext = .

.data           0x00800100       0x44 load address 0x000008cc
                0x00800100                PROVIDE (__data_start, .)
 *(.data)
 .data          0x00800100        0x0 /usr/lib/gcc/avr/4.5.3/../../../avr/lib/avr5/crtm328p.o
 .data          0x00800100        0x0 bcr.o
 .data          0x00800100       0x43 bcr_test.o
 .data          0x00800143        0x0 /usr/lib/gcc/avr/4.5.3/avr5/libgcc.a(_exit.o)
 .data          0x00800143        0x0 /usr/lib/gcc/avr/4.5.3/avr5/libgcc.a(_copy_data.o)
 .data          0x00800143        0x0 /usr/lib/gcc/avr/4.5.3/../../../avr/lib/avr5/libc.a(iob.o)
 .data          0x00800143        0x0 /usr/lib/gcc/avr/4.5.3/../../../avr/lib/avr5/libc.a(printf.o)
 .data          0x00800143        0x0 /usr/lib/gcc/avr/4.5.3/../../../avr/lib/avr5/libc.a(puts.o)
 .data          0x00800143        0x0 /usr/lib/gcc/avr/4.5.3/../../../avr/lib/avr5/libc.a(vfprintf_std.o)
 .data          0x00800143        0x0 /usr/lib/gcc/avr/4.5.3/../../../avr/lib/avr5/libc.a(strnlen_P.o)
 .data          0x00800143        0x0 /usr/lib/gcc/avr/4.5.3/../../../avr/lib/avr5/libc.a(strnlen.o)
 .data          0x00800143        0x0 /usr/lib/gcc/avr/4.5.3/../../../avr/lib/avr5/libc.a(fputc.o)
 .data          0x00800143        0x0 /usr/lib/gcc/avr/4.5.3/../../../avr/lib/avr5/libc.a(ultoa_invert.o)
 .data          0x00800143        0x0 /usr/lib/gcc/avr/4.5.3/avr5/libgcc.a(_prologue.o)
 .data          0x00800143        0x0 /usr/lib/gcc/avr/4.5.3/avr5/libgcc.a(_epilogue.o)
 .data          0x00800143        0x0 /usr/lib/gcc/avr/4.5.3/avr5/libgcc.a(_clear_bss.o)
 *(.data*)
 *(.rodata)
 *(.rodata*)
 *(.gnu.linkonce.d*)
                0x00800144                . = ALIGN (0x2)
 *fill*         0x00800143        0x1 00
                0x00800144                _edata = .
                0x00800144                PROVIDE (__data_end, .)

.bss            0x00800144        0x6
                0x00800144                PROVIDE (__bss_start, .)
 *(.bss)
 .bss           0x00800144        0x0 /usr/lib/gcc/avr/4.5.3/../../../avr/lib/avr5/crtm328p.o
 .bss           0x00800144        0x0 bcr.o
 .bss           0x00800144        0x0 bcr_test.o
 .bss           0x00800144        0x0 /usr/lib/gcc/avr/4.5.3/avr5/libgcc.a(_exit.o)
 .bss           0x00800144        0x0 /usr/lib/gcc/avr/4.5.3/avr5/libgcc.a(_copy_data.o)
 .bss           0x00800144        0x0 /usr/lib/gcc/avr/4.5.3/../../../avr/lib/avr5/libc.a(iob.o)
 .bss           0x00800144        0x0 /usr/lib/gcc/avr/4.5.3/../../../avr/lib/avr5/libc.a(printf.o)
 .bss           0x00800144        0x0 /usr/lib/gcc/avr/4.5.3/../../../avr/lib/avr5/libc.a(puts.o)
 .bss           0x00800144        0x0 /usr/lib/gcc/avr/4.5.3/../../../avr/lib/avr5/libc.a(vfprintf_std.o)
 .bss           0x00800144        0x0 /usr/lib/gcc/avr/4.5.3/../../../avr/lib/avr5/libc.a(strnlen_P.o)
 .bss           0x00800144        0x0 /usr/lib/gcc/avr/4.5.3/../../../avr/lib/avr5/libc.a(strnlen.o)
 .bss           0x00800144        0x0 /usr/lib/gcc/avr/4.5.3/../../../avr/lib/avr5/libc.a(fputc.o)
 .bss           0x00800144        0x0 /usr/lib/gcc/avr/4.5.3/../../../avr/lib/avr5/libc.a(ultoa_invert.o)
 .bss           0x00800144        0x0 /usr/lib/gcc/avr/4.5.3/avr5/libgcc.a(_prologue.o)
 .bss           0x00800144        0x0 /usr/lib/gcc/avr/4.5.3/avr5/libgcc.a(_epilogue.o)
 .bss           0x00800144        0x0 /usr/lib/gcc/avr/4.5.3/avr5/libgcc.a(_clear_bss.o)
 *(.bss*)
 *(COMMON)
 COMMON         0x00800144        0x6 /usr/lib/gcc/avr/4.5.3/../../../avr/lib/avr5/libc.a(iob.o)
                0x00800144                __iob
                0x0080014a                PROVIDE (__bss_end, .)
                0x000008cc                __data_load_start = LOADADDR (.data)
                0x00000910                __data_load_end = (__data_load_start + SIZEOF (.data))

.noinit         0x0080014a        0x0
                0x0080014a                PROVIDE (__noinit_start, .)
 *(.noinit*)
                0x0080014a                PROVIDE (__noinit_end, .)
                0x0080014a                _end = .
                0x0080014a                PROVIDE (__heap_start, .)

.eeprom         0x00810000        0x0
 *(.eeprom*)
                0x00810000                __eeprom_end = .

.fuse
 *(.fuse)
 *(.lfuse)
 *(.hfuse)
 *(.efuse)

.lock
 *(.lock*)

.signature
 *(.signature*)

.stab           0x00000000     0x29dc
 *(.stab)
 .stab          0x00000000      0x6cc /usr/lib/gcc/avr/4.5.3/../../../avr/lib/avr5/crtm328p.o
 .stab          0x000006cc      0x66c bcr.o
                                0x678 (size before relaxing)
 .stab          0x00000d38      0x3cc bcr_test.o
                                0x5dc (size before relaxing)
 .stab          0x00001104      0x2c4 /usr/lib/gcc/avr/4.5.3/../../../avr/lib/avr5/libc.a(iob.o)
                                0x30c (size before relaxing)
 .stab          0x000013c8      0x18c /usr/lib/gcc/avr/4.5.3/../../../avr/lib/avr5/libc.a(printf.o)
                                0x36c (size before relaxing)
 .stab          0x00001554      0x1f8 /usr/lib/gcc/avr/4.5.3/../../../avr/lib/avr5/libc.a(puts.o)
                                0x3d8 (size before relaxing)
 .stab          0x0000174c      0xaf8 /usr/lib/gcc/avr/4.5.3/../../../avr/lib/avr5/libc.a(vfprintf_std.o)
                                0xcd8 (size before relaxing)
 .stab          0x00002244       0x9c /usr/lib/gcc/avr/4.5.3/../../../avr/lib/avr5/libc.a(strnlen_P.o)
                                 0xa8 (size before relaxing)
 .stab          0x000022e0       0x9c /usr/lib/gcc/avr/4.5.3/../../../avr/lib/avr5/libc.a(strnlen.o)
                                 0xa8 (size before relaxing)
 .stab          0x0000237c      0x1e0 /usr/lib/gcc/avr/4.5.3/../../../avr/lib/avr5/libc.a(fputc.o)
                                0x3c0 (size before relaxing)
 .stab          0x0000255c      0x480 /usr/lib/gcc/avr/4.5.3/../../../avr/lib/avr5/libc.a(ultoa_invert.o)
                                0x48c (size before relaxing)

.stabstr        0x00000000     0x1420
 *(.stabstr)
 .stabstr       0x00000000     0x1420 /usr/lib/gcc/avr/4.5.3/../../../avr/lib/avr5/crtm328p.o

.stab.excl
 *(.stab.excl)

.stab.exclstr
 *(.stab.exclstr)

.stab.index
 *(.stab.index)

.stab.indexstr
 *(.stab.indexstr)

.comment
 *(.comment)

.debug
 *(.debug)

.line
 *(.line)

.debug_srcinfo
 *(.debug_srcinfo)

.debug_sfnames
 *(.debug_sfnames)

.debug_aranges
 *(.debug_aranges)

.debug_pubnames
 *(.debug_pubnames)

.debug_info
 *(.debug_info)
 *(.gnu.linkonce.wi.*)

.debug_abbrev
 *(.debug_abbrev)

.debug_line
 *(.debug_line)

.debug_frame
 *(.debug_frame)

.debug_str
 *(.debug_str)

.debug_loc
 *(.debug_loc)

.debug_macinfo
 *(.debug_macinfo)
OUTPUT(bcr.elf elf32-avr)
LOAD linker stubs
